21.0708 	WARNING 	Font Manager failed to load file /System/Library/PrivateFrameworks/FontServices.framework/Resources/Reserved/PingFangUI.ttc
21.2232 	WARNING 	Font Manager failed to load file /System/Library/PrivateFrameworks/FontServices.framework/Resources/Reserved/PingFangUI.ttc
31.2902 	INFO 	Loaded monitor calibration from ['2025_08_12 07:11']
31.5243 	INFO 	Using renderer 'Apple M2' for graphics
31.5244 	INFO 	OpenGL version supported by driver is 2..
31.5751 	EXP 	Created window1 = Window(allowGUI=True, allowStencil=False, autoLog=True, backendConf=UNKNOWN, backgroundFit=<method-wrapper '__getattribute__' of attributeSetter object at 0x157308d30>, backgroundImage=<method-wrapper '__getattribute__' of attributeSetter object at 0x157308d90>, bitsMode=UNKNOWN, blendMode='avg', bpc=(8, 8, 8), color=array([0, 0, 0]), colorSpace='rgb', depthBits=8, fullscr=False, gamma=None, gammaErrorPolicy='raise', infoMsg=UNKNOWN, lms=UNKNOWN, monitor=<psychopy.monitors.calibTools.Monitor object at 0x157349390>, multiSample=False, name='window1', numSamples=2, pos=[np.float64(223.0), np.float64(94.0)], screen=0, size=array([2048, 1536]), stencilBits=0, stereo=False, title='PsychoPy', units='height', useFBO=True, useRetina=True, viewOri=0.0, viewPos=None, viewScale=None, waitBlanking=True, winType='pyglet')
31.5751 	EXP 	window1: backgroundImage = ''
31.5752 	EXP 	window1: backgroundFit = 'none'
31.9170 	EXP 	window1: Attempting to measure frame rate of screen (0) ...
31.9170 	EXP 	window1: recordFrameIntervals = False
32.0810 	EXP 	window1: recordFrameIntervals = True
32.9154 	WARNING 	Couldn't measure a consistent frame rate!
  - Is your graphics card set to sync to vertical blank?
  - Are you running other processes on your computer?

34.1690 	INFO 	keyboard.Keyboard is using ptb backend.
34.1691 	EXP 	Delay Discounting Task: status = STARTED
34.1791 	EXP 	Created fixation = ShapeStim(__class__=<class 'psychopy.visual.shape.ShapeStim'>, anchor=('center', 'center'), autoDraw=False, autoLog=True, closeShape=True, color=method-wrapper(...), colorSpace='rgb', contrast=None, depth=0.0, draggable=False, fillColor=array([1, 1, 1]), fillColorSpace='rgb', fillRGB=array([1, 1, 1]), interpolate=True, lineColor=array([1., 1., 1.]), lineColorSpace='rgb', lineRGB=array([1, 1, 1]), lineWidth=1.0, name='fixation', opacity=1, ori=0.0, pos=array([0., 0.]), size=array([0.05, 0.05]), units='height', vertices=ndarray(...), win=Window(...), windingRule=None)
34.1864 	EXP 	Created text = TextStim(__class__=<class 'psychopy.visual.text.TextStim'>, alignHoriz=method-wrapper(...), alignText='center', alignVert=method-wrapper(...), anchorHoriz='center', anchorVert='center', antialias=True, autoDraw=False, autoLog=True, bold=False, color=array([1., 1., 1.]), colorSpace='rgb', contrast=1.0, depth=-1.0, draggable=False, flipHoriz=False, flipVert=False, font='Arial', fontFiles=[], height=0.05, italic=False, languageStyle='LTR', name='text', opacity=1, ori=0.0, pos=array([0., 0.]), rgb=UNKNOWN, text='', units='height', win=Window(...), wrapWidth=1)
0.0489 	EXP 	Imported /Users/urvashibhansali/Documents/AU [Psych] (1-4 years) /3rd Year/Semester 5 Monsoon 25-26/PSY310/Lab Reports/Delay Discounting Task /Conditions File/Book1.xlsx as conditions, 7 conditions, 3 params
0.0517 	EXP 	New trial (rep=0, index=0): <Trial 0 (0 in rep 0) data={'reward_today': 27, 'future_reward': 50, 'delay': 21, 'thisN': 0, 'thisTrialN': 0, 'thisRepN': 0}>
0.1088 	WARNING 	t of last frame was 65.71ms (=1/15)
0.1088 	EXP 	text: height = np.float64(0.05000000000000001)
0.1088 	EXP 	text: height = np.float64(0.05000000000000001)
0.1088 	EXP 	text: height = np.float64(0.05000000000000001)
0.1088 	EXP 	text: text = ' GBP 27 today  or  GBP 50 after 21 days '
0.1088 	EXP 	fixation: autoDraw = True
0.9950 	INFO 	Keyboard events cleared
0.9949 	EXP 	text: autoDraw = True
1.1008 	EXP 	fixation: autoDraw = False
3.1125 	WARNING 	t of last frame was 27.21ms (=1/36)
10.2401 	WARNING 	t of last frame was 161.90ms (=1/6)
20.8950 	WARNING 	t of last frame was 24.32ms (=1/41)
46.1960 	EXP 	Device response: <KeyPress from None: t=46.18905529100084, value=l, duration=None>
46.1962 	EXP 	New trial (rep=0, index=1): <Trial 1 (1 in rep 0) data={'reward_today': 11, 'future_reward': 30, 'delay': 7, 'thisN': 1, 'thisTrialN': 1, 'thisRepN': 0}>
46.2161 	DATA 	Keypress: l
46.2189 	WARNING 	Multiple dropped frames have occurred - I'll stop bothering you about them!
46.2188 	EXP 	fixation: autoDraw = False
46.2188 	EXP 	text: autoDraw = False
46.2188 	EXP 	text: height = np.float64(0.05000000000000001)
46.2188 	EXP 	text: height = np.float64(0.05000000000000001)
46.2188 	EXP 	text: height = np.float64(0.05000000000000001)
46.2188 	EXP 	text: text = ' GBP 11 today  or  GBP 30 after 7 days '
46.2188 	EXP 	fixation: autoDraw = True
46.2531 	EXP 	Device response: <KeyPress from None: t=46.18905529100084, value=l, duration=0.061938291999467765>
47.1843 	INFO 	Keyboard events cleared
47.1842 	EXP 	text: autoDraw = True
47.2120 	EXP 	fixation: autoDraw = False
51.2524 	EXP 	Device response: <KeyPress from None: t=51.245776166000724, value=l, duration=None>
51.2526 	EXP 	New trial (rep=0, index=2): <Trial 2 (2 in rep 0) data={'reward_today': 78, 'future_reward': 80, 'delay': 162, 'thisN': 2, 'thisTrialN': 2, 'thisRepN': 0}>
51.2699 	DATA 	Keypress: l
51.2724 	EXP 	fixation: autoDraw = False
51.2724 	EXP 	text: autoDraw = False
51.2724 	EXP 	text: height = np.float64(0.05000000000000001)
51.2724 	EXP 	text: height = np.float64(0.05000000000000001)
51.2724 	EXP 	text: height = np.float64(0.05000000000000001)
51.2724 	EXP 	text: text = ' GBP 78 today  or  GBP 80 after 162 days '
51.2724 	EXP 	fixation: autoDraw = True
51.3971 	EXP 	Device response: <KeyPress from None: t=51.245776166000724, value=l, duration=0.14663654200012388>
52.2461 	INFO 	Keyboard events cleared
52.2459 	EXP 	text: autoDraw = True
52.2676 	EXP 	fixation: autoDraw = False
55.9956 	EXP 	Device response: <KeyPress from None: t=55.9909357079996, value=l, duration=None>
55.9959 	EXP 	New trial (rep=0, index=3): <Trial 3 (3 in rep 0) data={'reward_today': 67, 'future_reward': 75, 'delay': 119, 'thisN': 3, 'thisTrialN': 3, 'thisRepN': 0}>
56.0010 	DATA 	Keypress: l
56.0033 	EXP 	fixation: autoDraw = False
56.0033 	EXP 	text: autoDraw = False
56.0033 	EXP 	text: height = np.float64(0.05000000000000001)
56.0033 	EXP 	text: height = np.float64(0.05000000000000001)
56.0033 	EXP 	text: height = np.float64(0.05000000000000001)
56.0033 	EXP 	text: text = ' GBP 67 today  or  GBP 75 after 119 days '
56.0033 	EXP 	fixation: autoDraw = True
56.0961 	EXP 	Device response: <KeyPress from None: t=55.9909357079996, value=l, duration=0.09396091600137879>
56.9851 	INFO 	Keyboard events cleared
56.9850 	EXP 	text: autoDraw = True
57.0020 	EXP 	fixation: autoDraw = False
61.8365 	EXP 	Device response: <KeyPress from None: t=61.83122054100022, value=t, duration=None>
61.8367 	EXP 	New trial (rep=0, index=4): <Trial 4 (4 in rep 0) data={'reward_today': 15, 'future_reward': 35, 'delay': 13, 'thisN': 4, 'thisTrialN': 4, 'thisRepN': 0}>
61.8408 	DATA 	Keypress: t
61.8448 	EXP 	fixation: autoDraw = False
61.8448 	EXP 	text: autoDraw = False
61.8448 	EXP 	text: height = np.float64(0.05000000000000001)
61.8448 	EXP 	text: height = np.float64(0.05000000000000001)
61.8448 	EXP 	text: height = np.float64(0.05000000000000001)
61.8448 	EXP 	text: text = ' GBP 15 today  or  GBP 35 after 13 days '
61.8448 	EXP 	fixation: autoDraw = True
61.9458 	EXP 	Device response: <KeyPress from None: t=61.83122054100022, value=t, duration=0.1059514169992326>
62.8281 	INFO 	Keyboard events cleared
62.8280 	EXP 	text: autoDraw = True
62.8359 	EXP 	fixation: autoDraw = False
67.5121 	EXP 	Device response: <KeyPress from None: t=67.50657237400083, value=l, duration=None>
67.5122 	EXP 	New trial (rep=0, index=5): <Trial 5 (5 in rep 0) data={'reward_today': 49, 'future_reward': 60, 'delay': 89, 'thisN': 5, 'thisTrialN': 5, 'thisRepN': 0}>
67.5162 	DATA 	Keypress: l
67.5187 	EXP 	fixation: autoDraw = False
67.5187 	EXP 	text: autoDraw = False
67.5187 	EXP 	text: height = np.float64(0.05000000000000001)
67.5187 	EXP 	text: height = np.float64(0.05000000000000001)
67.5187 	EXP 	text: height = np.float64(0.05000000000000001)
67.5187 	EXP 	text: text = ' GBP 49 today  or  GBP 60 after 89 days '
67.5187 	EXP 	fixation: autoDraw = True
67.5697 	EXP 	Device response: <KeyPress from None: t=67.50657237400083, value=l, duration=0.06206962499891233>
68.5022 	INFO 	Keyboard events cleared
68.5021 	EXP 	text: autoDraw = True
68.5120 	EXP 	fixation: autoDraw = False
73.2033 	EXP 	Device response: <KeyPress from None: t=73.19806862400037, value=l, duration=None>
73.2035 	EXP 	New trial (rep=0, index=6): <Trial 6 (6 in rep 0) data={'reward_today': 40, 'future_reward': 55, 'delay': 62, 'thisN': 6, 'thisTrialN': 6, 'thisRepN': 0}>
73.2066 	DATA 	Keypress: l
73.2114 	EXP 	fixation: autoDraw = False
73.2114 	EXP 	text: autoDraw = False
73.2114 	EXP 	text: height = np.float64(0.05000000000000001)
73.2114 	EXP 	text: height = np.float64(0.05000000000000001)
73.2114 	EXP 	text: height = np.float64(0.05000000000000001)
73.2114 	EXP 	text: text = ' GBP 40 today  or  GBP 55 after 62 days '
73.2114 	EXP 	fixation: autoDraw = True
73.2968 	EXP 	Device response: <KeyPress from None: t=73.19806862400037, value=l, duration=0.09398904199952085>
74.2010 	INFO 	Keyboard events cleared
74.2009 	EXP 	fixation: autoDraw = False
74.2009 	EXP 	text: autoDraw = True
79.3685 	EXP 	Device response: <KeyPress from None: t=79.36263912399954, value=t, duration=None>
79.3686 	EXP 	New trial (rep=1, index=0): <Trial 7 (0 in rep 1) data={'reward_today': 67, 'future_reward': 75, 'delay': 119, 'thisN': 7, 'thisTrialN': 0, 'thisRepN': 1}>
79.3716 	DATA 	Keypress: t
79.3782 	EXP 	fixation: autoDraw = False
79.3782 	EXP 	text: autoDraw = False
79.3782 	EXP 	text: height = np.float64(0.05000000000000001)
79.3782 	EXP 	text: height = np.float64(0.05000000000000001)
79.3782 	EXP 	text: height = np.float64(0.05000000000000001)
79.3782 	EXP 	text: text = ' GBP 67 today  or  GBP 75 after 119 days '
79.3782 	EXP 	fixation: autoDraw = True
79.4466 	EXP 	Device response: <KeyPress from None: t=79.36263912399954, value=t, duration=0.07801879200087569>
80.3619 	INFO 	Keyboard events cleared
80.3618 	EXP 	text: autoDraw = True
80.3680 	EXP 	fixation: autoDraw = False
85.8023 	EXP 	Device response: <KeyPress from None: t=85.7961849580006, value=t, duration=None>
85.8026 	EXP 	New trial (rep=1, index=1): <Trial 8 (1 in rep 1) data={'reward_today': 49, 'future_reward': 60, 'delay': 89, 'thisN': 8, 'thisTrialN': 1, 'thisRepN': 1}>
85.8080 	DATA 	Keypress: t
85.8129 	EXP 	fixation: autoDraw = False
85.8129 	EXP 	text: autoDraw = False
85.8129 	EXP 	text: height = np.float64(0.05000000000000001)
85.8129 	EXP 	text: height = np.float64(0.05000000000000001)
85.8129 	EXP 	text: height = np.float64(0.05000000000000001)
85.8129 	EXP 	text: text = ' GBP 49 today  or  GBP 60 after 89 days '
85.8129 	EXP 	fixation: autoDraw = True
85.8704 	EXP 	Device response: <KeyPress from None: t=85.7961849580006, value=t, duration=0.06989637500009849>
86.7955 	INFO 	Keyboard events cleared
86.7954 	EXP 	text: autoDraw = True
86.8023 	EXP 	fixation: autoDraw = False
91.4286 	EXP 	Device response: <KeyPress from None: t=91.42270687400014, value=l, duration=None>
91.4288 	EXP 	New trial (rep=1, index=2): <Trial 9 (2 in rep 1) data={'reward_today': 78, 'future_reward': 80, 'delay': 162, 'thisN': 9, 'thisTrialN': 2, 'thisRepN': 1}>
91.4322 	DATA 	Keypress: l
91.4351 	EXP 	fixation: autoDraw = False
91.4351 	EXP 	text: autoDraw = False
91.4351 	EXP 	text: height = np.float64(0.05000000000000001)
91.4351 	EXP 	text: height = np.float64(0.05000000000000001)
91.4351 	EXP 	text: height = np.float64(0.05000000000000001)
91.4351 	EXP 	text: text = ' GBP 78 today  or  GBP 80 after 162 days '
91.4351 	EXP 	fixation: autoDraw = True
91.4783 	EXP 	Device response: <KeyPress from None: t=91.42270687400014, value=l, duration=0.048405625000668806>
92.4195 	INFO 	Keyboard events cleared
92.4193 	EXP 	text: autoDraw = True
92.4283 	EXP 	fixation: autoDraw = False
97.3954 	EXP 	Device response: <KeyPress from None: t=97.39065816600123, value=l, duration=None>
97.3955 	EXP 	New trial (rep=1, index=3): <Trial 10 (3 in rep 1) data={'reward_today': 40, 'future_reward': 55, 'delay': 62, 'thisN': 10, 'thisTrialN': 3, 'thisRepN': 1}>
97.3991 	DATA 	Keypress: l
97.4024 	EXP 	fixation: autoDraw = False
97.4024 	EXP 	text: autoDraw = False
97.4024 	EXP 	text: height = np.float64(0.05000000000000001)
97.4024 	EXP 	text: height = np.float64(0.05000000000000001)
97.4024 	EXP 	text: height = np.float64(0.05000000000000001)
97.4024 	EXP 	text: text = ' GBP 40 today  or  GBP 55 after 62 days '
97.4024 	EXP 	fixation: autoDraw = True
97.4952 	EXP 	Device response: <KeyPress from None: t=97.39065816600123, value=l, duration=0.0963132079996285>
98.3840 	INFO 	Keyboard events cleared
98.3840 	EXP 	text: autoDraw = True
98.4013 	EXP 	fixation: autoDraw = False
108.0621 	EXP 	Device response: <KeyPress from None: t=108.05108504100099, value=t, duration=None>
108.0622 	EXP 	New trial (rep=1, index=4): <Trial 11 (4 in rep 1) data={'reward_today': 11, 'future_reward': 30, 'delay': 7, 'thisN': 11, 'thisTrialN': 4, 'thisRepN': 1}>
108.0658 	DATA 	Keypress: t
108.0684 	EXP 	fixation: autoDraw = False
108.0684 	EXP 	text: autoDraw = False
108.0684 	EXP 	text: height = np.float64(0.05000000000000001)
108.0684 	EXP 	text: height = np.float64(0.05000000000000001)
108.0684 	EXP 	text: height = np.float64(0.05000000000000001)
108.0684 	EXP 	text: text = ' GBP 11 today  or  GBP 30 after 7 days '
108.0684 	EXP 	fixation: autoDraw = True
108.1518 	EXP 	Device response: <KeyPress from None: t=108.05108504100099, value=t, duration=0.09771491699939361>
109.0513 	INFO 	Keyboard events cleared
109.0512 	EXP 	text: autoDraw = True
109.0619 	EXP 	fixation: autoDraw = False
114.7621 	EXP 	Device response: <KeyPress from None: t=114.75794820800002, value=l, duration=None>
114.7622 	EXP 	New trial (rep=1, index=5): <Trial 12 (5 in rep 1) data={'reward_today': 15, 'future_reward': 35, 'delay': 13, 'thisN': 12, 'thisTrialN': 5, 'thisRepN': 1}>
114.7659 	DATA 	Keypress: l
114.7688 	EXP 	fixation: autoDraw = False
114.7688 	EXP 	text: autoDraw = False
114.7688 	EXP 	text: height = np.float64(0.05000000000000001)
114.7688 	EXP 	text: height = np.float64(0.05000000000000001)
114.7688 	EXP 	text: height = np.float64(0.05000000000000001)
114.7688 	EXP 	text: text = ' GBP 15 today  or  GBP 35 after 13 days '
114.7688 	EXP 	fixation: autoDraw = True
114.9024 	EXP 	Device response: <KeyPress from None: t=114.75794820800002, value=l, duration=0.1380017499996029>
115.7503 	INFO 	Keyboard events cleared
115.7502 	EXP 	text: autoDraw = True
115.7661 	EXP 	fixation: autoDraw = False
120.8792 	EXP 	Device response: <KeyPress from None: t=120.87026341599994, value=l, duration=None>
120.8796 	EXP 	New trial (rep=1, index=6): <Trial 13 (6 in rep 1) data={'reward_today': 27, 'future_reward': 50, 'delay': 21, 'thisN': 13, 'thisTrialN': 6, 'thisRepN': 1}>
120.8840 	DATA 	Keypress: l
120.8864 	EXP 	fixation: autoDraw = False
120.8864 	EXP 	text: autoDraw = False
120.8864 	EXP 	text: height = np.float64(0.05000000000000001)
120.8864 	EXP 	text: height = np.float64(0.05000000000000001)
120.8864 	EXP 	text: height = np.float64(0.05000000000000001)
120.8864 	EXP 	text: text = ' GBP 27 today  or  GBP 50 after 21 days '
120.8864 	EXP 	fixation: autoDraw = True
120.9794 	EXP 	Device response: <KeyPress from None: t=120.87026341599994, value=l, duration=0.09766429199953564>
121.8676 	INFO 	Keyboard events cleared
121.8675 	EXP 	text: autoDraw = True
121.8843 	EXP 	fixation: autoDraw = False
128.2290 	EXP 	Device response: <KeyPress from None: t=128.2221262080002, value=t, duration=None>
128.2292 	EXP 	New trial (rep=2, index=0): <Trial 14 (0 in rep 2) data={'reward_today': 49, 'future_reward': 60, 'delay': 89, 'thisN': 14, 'thisTrialN': 0, 'thisRepN': 2}>
128.2329 	DATA 	Keypress: t
128.2358 	EXP 	fixation: autoDraw = False
128.2358 	EXP 	text: autoDraw = False
128.2358 	EXP 	text: height = np.float64(0.05000000000000001)
128.2358 	EXP 	text: height = np.float64(0.05000000000000001)
128.2358 	EXP 	text: height = np.float64(0.05000000000000001)
128.2358 	EXP 	text: text = ' GBP 49 today  or  GBP 60 after 89 days '
128.2358 	EXP 	fixation: autoDraw = True
128.3299 	EXP 	Device response: <KeyPress from None: t=128.2221262080002, value=t, duration=0.10224775000096997>
129.2172 	INFO 	Keyboard events cleared
129.2171 	EXP 	text: autoDraw = True
129.2342 	EXP 	fixation: autoDraw = False
135.7451 	EXP 	Device response: <KeyPress from None: t=135.7380807490008, value=t, duration=None>
135.7452 	EXP 	New trial (rep=2, index=1): <Trial 15 (1 in rep 2) data={'reward_today': 15, 'future_reward': 35, 'delay': 13, 'thisN': 15, 'thisTrialN': 1, 'thisRepN': 2}>
135.7485 	DATA 	Keypress: t
135.7510 	EXP 	fixation: autoDraw = False
135.7510 	EXP 	text: autoDraw = False
135.7510 	EXP 	text: height = np.float64(0.05000000000000001)
135.7510 	EXP 	text: height = np.float64(0.05000000000000001)
135.7510 	EXP 	text: height = np.float64(0.05000000000000001)
135.7510 	EXP 	text: text = ' GBP 15 today  or  GBP 35 after 13 days '
135.7510 	EXP 	fixation: autoDraw = True
135.8021 	EXP 	Device response: <KeyPress from None: t=135.7380807490008, value=t, duration=0.06202020899945637>
136.7359 	INFO 	Keyboard events cleared
136.7359 	EXP 	text: autoDraw = True
136.7454 	EXP 	fixation: autoDraw = False
141.0117 	EXP 	Device response: <KeyPress from None: t=141.00234699900102, value=l, duration=None>
141.0119 	EXP 	New trial (rep=2, index=2): <Trial 16 (2 in rep 2) data={'reward_today': 67, 'future_reward': 75, 'delay': 119, 'thisN': 16, 'thisTrialN': 2, 'thisRepN': 2}>
141.0156 	DATA 	Keypress: l
141.0188 	EXP 	fixation: autoDraw = False
141.0188 	EXP 	text: autoDraw = False
141.0188 	EXP 	text: height = np.float64(0.05000000000000001)
141.0188 	EXP 	text: height = np.float64(0.05000000000000001)
141.0188 	EXP 	text: height = np.float64(0.05000000000000001)
141.0188 	EXP 	text: text = ' GBP 67 today  or  GBP 75 after 119 days '
141.0188 	EXP 	fixation: autoDraw = True
141.1292 	EXP 	Device response: <KeyPress from None: t=141.00234699900102, value=l, duration=0.12198029199862503>
142.0006 	INFO 	Keyboard events cleared
142.0005 	EXP 	text: autoDraw = True
142.0174 	EXP 	fixation: autoDraw = False
146.5691 	EXP 	Device response: <KeyPress from None: t=146.56249337400004, value=l, duration=None>
146.5694 	EXP 	New trial (rep=2, index=3): <Trial 17 (3 in rep 2) data={'reward_today': 78, 'future_reward': 80, 'delay': 162, 'thisN': 17, 'thisTrialN': 3, 'thisRepN': 2}>
146.5733 	DATA 	Keypress: l
146.5791 	EXP 	fixation: autoDraw = False
146.5791 	EXP 	text: autoDraw = False
146.5791 	EXP 	text: height = np.float64(0.05000000000000001)
146.5791 	EXP 	text: height = np.float64(0.05000000000000001)
146.5791 	EXP 	text: height = np.float64(0.05000000000000001)
146.5791 	EXP 	text: text = ' GBP 78 today  or  GBP 80 after 162 days '
146.5791 	EXP 	fixation: autoDraw = True
146.6812 	EXP 	Device response: <KeyPress from None: t=146.56249337400004, value=l, duration=0.11408537500028615>
147.5681 	INFO 	Keyboard events cleared
147.5680 	EXP 	fixation: autoDraw = False
147.5680 	EXP 	text: autoDraw = True
152.6670 	EXP 	Device response: <KeyPress from None: t=152.66262824899968, value=t, duration=None>
152.6671 	EXP 	New trial (rep=2, index=4): <Trial 18 (4 in rep 2) data={'reward_today': 11, 'future_reward': 30, 'delay': 7, 'thisN': 18, 'thisTrialN': 4, 'thisRepN': 2}>
152.6710 	DATA 	Keypress: t
152.6787 	EXP 	fixation: autoDraw = False
152.6787 	EXP 	text: autoDraw = False
152.6787 	EXP 	text: height = np.float64(0.05000000000000001)
152.6787 	EXP 	text: height = np.float64(0.05000000000000001)
152.6787 	EXP 	text: height = np.float64(0.05000000000000001)
152.6787 	EXP 	text: text = ' GBP 11 today  or  GBP 30 after 7 days '
152.6787 	EXP 	fixation: autoDraw = True
152.7622 	EXP 	Device response: <KeyPress from None: t=152.66262824899968, value=t, duration=0.09796724999978323>
153.6618 	INFO 	Keyboard events cleared
153.6617 	EXP 	text: autoDraw = True
153.6685 	EXP 	fixation: autoDraw = False
160.6619 	EXP 	Device response: <KeyPress from None: t=160.65337920800084, value=t, duration=None>
160.6621 	EXP 	New trial (rep=2, index=5): <Trial 19 (5 in rep 2) data={'reward_today': 40, 'future_reward': 55, 'delay': 62, 'thisN': 19, 'thisTrialN': 5, 'thisRepN': 2}>
160.6658 	DATA 	Keypress: t
160.6687 	EXP 	fixation: autoDraw = False
160.6687 	EXP 	text: autoDraw = False
160.6687 	EXP 	text: height = np.float64(0.05000000000000001)
160.6687 	EXP 	text: height = np.float64(0.05000000000000001)
160.6687 	EXP 	text: height = np.float64(0.05000000000000001)
160.6687 	EXP 	text: text = ' GBP 40 today  or  GBP 55 after 62 days '
160.6687 	EXP 	fixation: autoDraw = True
160.7618 	EXP 	Device response: <KeyPress from None: t=160.65337920800084, value=t, duration=0.10188545799974236>
161.6513 	INFO 	Keyboard events cleared
161.6513 	EXP 	text: autoDraw = True
161.6617 	EXP 	fixation: autoDraw = False
165.4363 	EXP 	Device response: <KeyPress from None: t=165.43207091600016, value=t, duration=None>
165.4365 	EXP 	New trial (rep=2, index=6): <Trial 20 (6 in rep 2) data={'reward_today': 27, 'future_reward': 50, 'delay': 21, 'thisN': 20, 'thisTrialN': 6, 'thisRepN': 2}>
165.4399 	DATA 	Keypress: t
165.4450 	EXP 	fixation: autoDraw = False
165.4450 	EXP 	text: autoDraw = False
165.4450 	EXP 	text: height = np.float64(0.05000000000000001)
165.4450 	EXP 	text: height = np.float64(0.05000000000000001)
165.4450 	EXP 	text: height = np.float64(0.05000000000000001)
165.4450 	EXP 	text: text = ' GBP 27 today  or  GBP 50 after 21 days '
165.4450 	EXP 	fixation: autoDraw = True
165.5117 	EXP 	Device response: <KeyPress from None: t=165.43207091600016, value=t, duration=0.069849792000241>
166.4358 	INFO 	Keyboard events cleared
166.4357 	EXP 	fixation: autoDraw = False
166.4357 	EXP 	text: autoDraw = True
170.1686 	EXP 	Device response: <KeyPress from None: t=170.16275420800048, value=t, duration=None>
170.1689 	EXP 	New trial (rep=3, index=0): <Trial 21 (0 in rep 3) data={'reward_today': 27, 'future_reward': 50, 'delay': 21, 'thisN': 21, 'thisTrialN': 0, 'thisRepN': 3}>
170.1710 	DATA 	Keypress: t
170.1784 	EXP 	fixation: autoDraw = False
170.1784 	EXP 	text: autoDraw = False
170.1784 	EXP 	text: text = ' GBP 27 today  or  GBP 50 after 21 days '
170.1784 	EXP 	fixation: autoDraw = True
170.3128 	EXP 	Device response: <KeyPress from None: t=170.16275420800048, value=t, duration=0.1491598749998957>
171.1682 	INFO 	Keyboard events cleared
171.1681 	EXP 	fixation: autoDraw = False
171.1681 	EXP 	text: autoDraw = True
175.4180 	EXP 	Device response: <KeyPress from None: t=175.41613129100006, value=t, duration=None>
175.4181 	EXP 	New trial (rep=3, index=1): <Trial 22 (1 in rep 3) data={'reward_today': 49, 'future_reward': 60, 'delay': 89, 'thisN': 22, 'thisTrialN': 1, 'thisRepN': 3}>
175.4218 	DATA 	Keypress: t
175.4283 	EXP 	fixation: autoDraw = False
175.4283 	EXP 	text: autoDraw = False
175.4283 	EXP 	text: height = np.float64(0.05000000000000001)
175.4283 	EXP 	text: height = np.float64(0.05000000000000001)
175.4283 	EXP 	text: height = np.float64(0.05000000000000001)
175.4283 	EXP 	text: text = ' GBP 49 today  or  GBP 60 after 89 days '
175.4283 	EXP 	fixation: autoDraw = True
175.5291 	EXP 	Device response: <KeyPress from None: t=175.41613129100006, value=t, duration=0.10196595799970964>
176.4117 	INFO 	Keyboard events cleared
176.4116 	EXP 	text: autoDraw = True
176.4174 	EXP 	fixation: autoDraw = False
180.4513 	EXP 	Device response: <KeyPress from None: t=180.44545154099978, value=t, duration=None>
180.4515 	EXP 	New trial (rep=3, index=2): <Trial 23 (2 in rep 3) data={'reward_today': 11, 'future_reward': 30, 'delay': 7, 'thisN': 23, 'thisTrialN': 2, 'thisRepN': 3}>
180.4542 	DATA 	Keypress: t
180.4618 	EXP 	fixation: autoDraw = False
180.4618 	EXP 	text: autoDraw = False
180.4618 	EXP 	text: height = np.float64(0.05000000000000001)
180.4618 	EXP 	text: height = np.float64(0.05000000000000001)
180.4618 	EXP 	text: height = np.float64(0.05000000000000001)
180.4618 	EXP 	text: text = ' GBP 11 today  or  GBP 30 after 7 days '
180.4618 	EXP 	fixation: autoDraw = True
180.5618 	EXP 	Device response: <KeyPress from None: t=180.44545154099978, value=t, duration=0.10606245800045144>
181.4452 	INFO 	Keyboard events cleared
181.4451 	EXP 	text: autoDraw = True
181.4507 	EXP 	fixation: autoDraw = False
186.1520 	EXP 	Device response: <KeyPress from None: t=186.14763666600084, value=l, duration=None>
186.1521 	EXP 	New trial (rep=3, index=3): <Trial 24 (3 in rep 3) data={'reward_today': 67, 'future_reward': 75, 'delay': 119, 'thisN': 24, 'thisTrialN': 3, 'thisRepN': 3}>
186.1550 	DATA 	Keypress: l
186.1618 	EXP 	fixation: autoDraw = False
186.1618 	EXP 	text: autoDraw = False
186.1618 	EXP 	text: height = np.float64(0.05000000000000001)
186.1618 	EXP 	text: height = np.float64(0.05000000000000001)
186.1618 	EXP 	text: height = np.float64(0.05000000000000001)
186.1618 	EXP 	text: text = ' GBP 67 today  or  GBP 75 after 119 days '
186.1618 	EXP 	fixation: autoDraw = True
186.2462 	EXP 	Device response: <KeyPress from None: t=186.14763666600084, value=l, duration=0.09780124999997497>
187.1456 	INFO 	Keyboard events cleared
187.1455 	EXP 	text: autoDraw = True
187.1514 	EXP 	fixation: autoDraw = False
190.8021 	EXP 	Device response: <KeyPress from None: t=190.7978646240008, value=t, duration=None>
190.8023 	EXP 	New trial (rep=3, index=4): <Trial 25 (4 in rep 3) data={'reward_today': 78, 'future_reward': 80, 'delay': 162, 'thisN': 25, 'thisTrialN': 4, 'thisRepN': 3}>
190.8052 	DATA 	Keypress: t
190.8117 	EXP 	fixation: autoDraw = False
190.8117 	EXP 	text: autoDraw = False
190.8117 	EXP 	text: height = np.float64(0.05000000000000001)
190.8117 	EXP 	text: height = np.float64(0.05000000000000001)
190.8117 	EXP 	text: height = np.float64(0.05000000000000001)
190.8117 	EXP 	text: text = ' GBP 78 today  or  GBP 80 after 162 days '
190.8117 	EXP 	fixation: autoDraw = True
190.9127 	EXP 	Device response: <KeyPress from None: t=190.7978646240008, value=t, duration=0.11405987499892944>
191.7953 	INFO 	Keyboard events cleared
191.7952 	EXP 	text: autoDraw = True
191.8007 	EXP 	fixation: autoDraw = False
196.3954 	EXP 	Device response: <KeyPress from None: t=196.38769729100022, value=t, duration=None>
196.3955 	EXP 	New trial (rep=3, index=5): <Trial 26 (5 in rep 3) data={'reward_today': 15, 'future_reward': 35, 'delay': 13, 'thisN': 26, 'thisTrialN': 5, 'thisRepN': 3}>
196.3992 	DATA 	Keypress: t
196.4017 	EXP 	fixation: autoDraw = False
196.4017 	EXP 	text: autoDraw = False
196.4017 	EXP 	text: height = np.float64(0.05000000000000001)
196.4017 	EXP 	text: height = np.float64(0.05000000000000001)
196.4017 	EXP 	text: height = np.float64(0.05000000000000001)
196.4017 	EXP 	text: text = ' GBP 15 today  or  GBP 35 after 13 days '
196.4017 	EXP 	fixation: autoDraw = True
196.4963 	EXP 	Device response: <KeyPress from None: t=196.38769729100022, value=t, duration=0.10592366700075218>
197.3853 	INFO 	Keyboard events cleared
197.3852 	EXP 	text: autoDraw = True
197.3955 	EXP 	fixation: autoDraw = False
201.4450 	EXP 	Device response: <KeyPress from None: t=201.43881524900098, value=l, duration=None>
201.4452 	EXP 	New trial (rep=3, index=6): <Trial 27 (6 in rep 3) data={'reward_today': 40, 'future_reward': 55, 'delay': 62, 'thisN': 27, 'thisTrialN': 6, 'thisRepN': 3}>
201.4489 	DATA 	Keypress: l
201.4519 	EXP 	fixation: autoDraw = False
201.4519 	EXP 	text: autoDraw = False
201.4519 	EXP 	text: height = np.float64(0.05000000000000001)
201.4519 	EXP 	text: height = np.float64(0.05000000000000001)
201.4519 	EXP 	text: height = np.float64(0.05000000000000001)
201.4519 	EXP 	text: text = ' GBP 40 today  or  GBP 55 after 62 days '
201.4519 	EXP 	fixation: autoDraw = True
201.5620 	EXP 	Device response: <KeyPress from None: t=201.43881524900098, value=l, duration=0.12212720899879059>
202.4351 	INFO 	Keyboard events cleared
202.4350 	EXP 	text: autoDraw = True
202.4447 	EXP 	fixation: autoDraw = False
206.6123 	EXP 	Device response: <KeyPress from None: t=206.61026274899996, value=t, duration=None>
206.6125 	EXP 	New trial (rep=4, index=0): <Trial 28 (0 in rep 4) data={'reward_today': 67, 'future_reward': 75, 'delay': 119, 'thisN': 28, 'thisTrialN': 0, 'thisRepN': 4}>
206.6179 	EXP 	fixation: autoDraw = False
206.6179 	EXP 	text: autoDraw = False
206.6179 	EXP 	text: height = np.float64(0.05000000000000001)
206.6179 	EXP 	text: height = np.float64(0.05000000000000001)
206.6179 	EXP 	text: height = np.float64(0.05000000000000001)
206.6179 	EXP 	text: text = ' GBP 67 today  or  GBP 75 after 119 days '
206.6179 	EXP 	fixation: autoDraw = True
206.6196 	DATA 	Keypress: t
206.7178 	EXP 	Device response: <KeyPress from None: t=206.61026274899996, value=t, duration=0.10565649999989546>
207.6001 	INFO 	Keyboard events cleared
207.6000 	EXP 	text: autoDraw = True
207.6177 	EXP 	fixation: autoDraw = False
211.5621 	EXP 	Device response: <KeyPress from None: t=211.55135841599986, value=t, duration=None>
211.5622 	EXP 	New trial (rep=4, index=1): <Trial 29 (1 in rep 4) data={'reward_today': 78, 'future_reward': 80, 'delay': 162, 'thisN': 29, 'thisTrialN': 1, 'thisRepN': 4}>
211.5658 	DATA 	Keypress: t
211.5684 	EXP 	fixation: autoDraw = False
211.5684 	EXP 	text: autoDraw = False
211.5684 	EXP 	text: height = np.float64(0.05000000000000001)
211.5684 	EXP 	text: height = np.float64(0.05000000000000001)
211.5684 	EXP 	text: height = np.float64(0.05000000000000001)
211.5684 	EXP 	text: text = ' GBP 78 today  or  GBP 80 after 162 days '
211.5684 	EXP 	fixation: autoDraw = True
211.6461 	EXP 	Device response: <KeyPress from None: t=211.55135841599986, value=t, duration=0.09397087500110501>
212.5510 	INFO 	Keyboard events cleared
212.5509 	EXP 	text: autoDraw = True
212.5617 	EXP 	fixation: autoDraw = False
216.2300 	EXP 	Device response: <KeyPress from None: t=216.22886220799955, value=t, duration=None>
216.2302 	EXP 	New trial (rep=4, index=2): <Trial 30 (2 in rep 4) data={'reward_today': 40, 'future_reward': 55, 'delay': 62, 'thisN': 30, 'thisTrialN': 2, 'thisRepN': 4}>
216.2338 	DATA 	Keypress: t
216.2364 	EXP 	fixation: autoDraw = False
216.2364 	EXP 	text: autoDraw = False
216.2364 	EXP 	text: height = np.float64(0.05000000000000001)
216.2364 	EXP 	text: height = np.float64(0.05000000000000001)
216.2364 	EXP 	text: height = np.float64(0.05000000000000001)
216.2364 	EXP 	text: text = ' GBP 40 today  or  GBP 55 after 62 days '
216.2364 	EXP 	fixation: autoDraw = True
216.3514 	EXP 	Device response: <KeyPress from None: t=216.22886220799955, value=t, duration=0.11791112500031886>
217.2285 	INFO 	Keyboard events cleared
217.2282 	EXP 	text: autoDraw = True
217.2339 	EXP 	fixation: autoDraw = False
221.0620 	EXP 	Device response: <KeyPress from None: t=221.05025949900119, value=t, duration=None>
221.0622 	EXP 	New trial (rep=4, index=3): <Trial 31 (3 in rep 4) data={'reward_today': 15, 'future_reward': 35, 'delay': 13, 'thisN': 31, 'thisTrialN': 3, 'thisRepN': 4}>
221.0657 	DATA 	Keypress: t
221.0683 	EXP 	fixation: autoDraw = False
221.0683 	EXP 	text: autoDraw = False
221.0683 	EXP 	text: height = np.float64(0.05000000000000001)
221.0683 	EXP 	text: height = np.float64(0.05000000000000001)
221.0683 	EXP 	text: height = np.float64(0.05000000000000001)
221.0683 	EXP 	text: text = ' GBP 15 today  or  GBP 35 after 13 days '
221.0683 	EXP 	fixation: autoDraw = True
221.1627 	EXP 	Device response: <KeyPress from None: t=221.05025949900119, value=t, duration=0.1099608749991603>
222.0514 	INFO 	Keyboard events cleared
222.0514 	EXP 	text: autoDraw = True
222.0623 	EXP 	fixation: autoDraw = False
225.3117 	EXP 	Device response: <KeyPress from None: t=225.30461291600113, value=l, duration=None>
225.3118 	EXP 	New trial (rep=4, index=4): <Trial 32 (4 in rep 4) data={'reward_today': 27, 'future_reward': 50, 'delay': 21, 'thisN': 32, 'thisTrialN': 4, 'thisRepN': 4}>
225.3157 	DATA 	Keypress: l
225.3182 	EXP 	fixation: autoDraw = False
225.3182 	EXP 	text: autoDraw = False
225.3182 	EXP 	text: height = np.float64(0.05000000000000001)
225.3182 	EXP 	text: height = np.float64(0.05000000000000001)
225.3182 	EXP 	text: height = np.float64(0.05000000000000001)
225.3182 	EXP 	text: text = ' GBP 27 today  or  GBP 50 after 21 days '
225.3182 	EXP 	fixation: autoDraw = True
225.4699 	EXP 	Device response: <KeyPress from None: t=225.30461291600113, value=l, duration=0.1578343329983909>
226.3017 	INFO 	Keyboard events cleared
226.3016 	EXP 	text: autoDraw = True
226.3118 	EXP 	fixation: autoDraw = False
230.3794 	EXP 	Device response: <KeyPress from None: t=230.370075791001, value=t, duration=None>
230.3796 	EXP 	New trial (rep=4, index=5): <Trial 33 (5 in rep 4) data={'reward_today': 11, 'future_reward': 30, 'delay': 7, 'thisN': 33, 'thisTrialN': 5, 'thisRepN': 4}>
230.3831 	DATA 	Keypress: t
230.3858 	EXP 	fixation: autoDraw = False
230.3858 	EXP 	text: autoDraw = False
230.3858 	EXP 	text: height = np.float64(0.05000000000000001)
230.3858 	EXP 	text: height = np.float64(0.05000000000000001)
230.3858 	EXP 	text: height = np.float64(0.05000000000000001)
230.3858 	EXP 	text: text = ' GBP 11 today  or  GBP 30 after 7 days '
230.3858 	EXP 	fixation: autoDraw = True
230.4955 	EXP 	Device response: <KeyPress from None: t=230.370075791001, value=t, duration=0.11802083299880906>
231.3795 	INFO 	Keyboard events cleared
231.3793 	EXP 	text: autoDraw = True
231.3849 	EXP 	fixation: autoDraw = False
235.2954 	EXP 	Device response: <KeyPress from None: t=235.2904322909999, value=t, duration=None>
235.2956 	EXP 	New trial (rep=4, index=6): <Trial 34 (6 in rep 4) data={'reward_today': 49, 'future_reward': 60, 'delay': 89, 'thisN': 34, 'thisTrialN': 6, 'thisRepN': 4}>
235.2992 	DATA 	Keypress: t
235.3019 	EXP 	fixation: autoDraw = False
235.3019 	EXP 	text: autoDraw = False
235.3019 	EXP 	text: height = np.float64(0.05000000000000001)
235.3019 	EXP 	text: height = np.float64(0.05000000000000001)
235.3019 	EXP 	text: height = np.float64(0.05000000000000001)
235.3019 	EXP 	text: text = ' GBP 49 today  or  GBP 60 after 89 days '
235.3019 	EXP 	fixation: autoDraw = True
235.4026 	EXP 	Device response: <KeyPress from None: t=235.2904322909999, value=t, duration=0.10653404200093064>
236.2849 	INFO 	Keyboard events cleared
236.2849 	EXP 	text: autoDraw = True
236.2952 	EXP 	fixation: autoDraw = False
240.4513 	EXP 	Device response: <KeyPress from None: t=240.44909641599952, value=t, duration=None>
240.4514 	EXP 	New trial (rep=5, index=0): <Trial 35 (0 in rep 5) data={'reward_today': 67, 'future_reward': 75, 'delay': 119, 'thisN': 35, 'thisTrialN': 0, 'thisRepN': 5}>
240.4543 	DATA 	Keypress: t
240.4619 	EXP 	fixation: autoDraw = False
240.4619 	EXP 	text: autoDraw = False
240.4619 	EXP 	text: height = np.float64(0.05000000000000001)
240.4619 	EXP 	text: height = np.float64(0.05000000000000001)
240.4619 	EXP 	text: height = np.float64(0.05000000000000001)
240.4619 	EXP 	text: text = ' GBP 67 today  or  GBP 75 after 119 days '
240.4619 	EXP 	fixation: autoDraw = True
240.5621 	EXP 	Device response: <KeyPress from None: t=240.44909641599952, value=t, duration=0.11220766700171225>
241.4451 	INFO 	Keyboard events cleared
241.4450 	EXP 	text: autoDraw = True
241.4504 	EXP 	fixation: autoDraw = False
245.0514 	EXP 	Device response: <KeyPress from None: t=245.04889787399952, value=t, duration=None>
245.0516 	EXP 	New trial (rep=5, index=1): <Trial 36 (1 in rep 5) data={'reward_today': 78, 'future_reward': 80, 'delay': 162, 'thisN': 36, 'thisTrialN': 1, 'thisRepN': 5}>
245.0552 	DATA 	Keypress: t
245.0611 	EXP 	fixation: autoDraw = False
245.0611 	EXP 	text: autoDraw = False
245.0611 	EXP 	text: height = np.float64(0.05000000000000001)
245.0611 	EXP 	text: height = np.float64(0.05000000000000001)
245.0611 	EXP 	text: height = np.float64(0.05000000000000001)
245.0611 	EXP 	text: text = ' GBP 78 today  or  GBP 80 after 162 days '
245.0611 	EXP 	fixation: autoDraw = True
245.1685 	EXP 	Device response: <KeyPress from None: t=245.04889787399952, value=t, duration=0.11636537500089617>
246.0453 	INFO 	Keyboard events cleared
246.0453 	EXP 	text: autoDraw = True
246.0507 	EXP 	fixation: autoDraw = False
249.6789 	EXP 	Device response: <KeyPress from None: t=249.67079391600055, value=t, duration=None>
249.6791 	EXP 	New trial (rep=5, index=2): <Trial 37 (2 in rep 5) data={'reward_today': 49, 'future_reward': 60, 'delay': 89, 'thisN': 37, 'thisTrialN': 2, 'thisRepN': 5}>
249.6831 	DATA 	Keypress: t
249.6855 	EXP 	fixation: autoDraw = False
249.6855 	EXP 	text: autoDraw = False
249.6855 	EXP 	text: height = np.float64(0.05000000000000001)
249.6855 	EXP 	text: height = np.float64(0.05000000000000001)
249.6855 	EXP 	text: height = np.float64(0.05000000000000001)
249.6855 	EXP 	text: text = ' GBP 49 today  or  GBP 60 after 89 days '
249.6855 	EXP 	fixation: autoDraw = True
249.7957 	EXP 	Device response: <KeyPress from None: t=249.67079391600055, value=t, duration=0.12427812500027358>
250.6787 	INFO 	Keyboard events cleared
250.6786 	EXP 	fixation: autoDraw = False
250.6786 	EXP 	text: autoDraw = True
254.1459 	EXP 	Device response: <KeyPress from None: t=254.1415758330004, value=t, duration=None>
254.1461 	EXP 	New trial (rep=5, index=3): <Trial 38 (3 in rep 5) data={'reward_today': 27, 'future_reward': 50, 'delay': 21, 'thisN': 38, 'thisTrialN': 3, 'thisRepN': 5}>
254.1493 	DATA 	Keypress: t
254.1514 	EXP 	fixation: autoDraw = False
254.1514 	EXP 	text: autoDraw = False
254.1514 	EXP 	text: height = np.float64(0.05000000000000001)
254.1514 	EXP 	text: height = np.float64(0.05000000000000001)
254.1514 	EXP 	text: height = np.float64(0.05000000000000001)
254.1514 	EXP 	text: text = ' GBP 27 today  or  GBP 50 after 21 days '
254.1514 	EXP 	fixation: autoDraw = True
254.2624 	EXP 	Device response: <KeyPress from None: t=254.1415758330004, value=t, duration=0.11639558299975761>
255.1344 	INFO 	Keyboard events cleared
255.1343 	EXP 	text: autoDraw = True
255.1455 	EXP 	fixation: autoDraw = False
258.3454 	EXP 	Device response: <KeyPress from None: t=258.3345896240007, value=t, duration=None>
258.3455 	EXP 	New trial (rep=5, index=4): <Trial 39 (4 in rep 5) data={'reward_today': 15, 'future_reward': 35, 'delay': 13, 'thisN': 39, 'thisTrialN': 4, 'thisRepN': 5}>
258.3493 	DATA 	Keypress: t
258.3516 	EXP 	fixation: autoDraw = False
258.3516 	EXP 	text: autoDraw = False
258.3516 	EXP 	text: height = np.float64(0.05000000000000001)
258.3516 	EXP 	text: height = np.float64(0.05000000000000001)
258.3516 	EXP 	text: height = np.float64(0.05000000000000001)
258.3516 	EXP 	text: text = ' GBP 15 today  or  GBP 35 after 13 days '
258.3516 	EXP 	fixation: autoDraw = True
258.4318 	EXP 	Device response: <KeyPress from None: t=258.3345896240007, value=t, duration=0.09617583399995056>
259.3355 	INFO 	Keyboard events cleared
259.3354 	EXP 	text: autoDraw = True
259.3453 	EXP 	fixation: autoDraw = False
262.5521 	EXP 	Device response: <KeyPress from None: t=262.5494228740008, value=l, duration=None>
262.5522 	EXP 	New trial (rep=5, index=5): <Trial 40 (5 in rep 5) data={'reward_today': 11, 'future_reward': 30, 'delay': 7, 'thisN': 40, 'thisTrialN': 5, 'thisRepN': 5}>
262.5557 	DATA 	Keypress: l
262.5611 	EXP 	fixation: autoDraw = False
262.5611 	EXP 	text: autoDraw = False
262.5611 	EXP 	text: height = np.float64(0.05000000000000001)
262.5611 	EXP 	text: height = np.float64(0.05000000000000001)
262.5611 	EXP 	text: height = np.float64(0.05000000000000001)
262.5611 	EXP 	text: text = ' GBP 11 today  or  GBP 30 after 7 days '
262.5611 	EXP 	fixation: autoDraw = True
262.6952 	EXP 	Device response: <KeyPress from None: t=262.5494228740008, value=l, duration=0.13631579199864063>
263.5502 	INFO 	Keyboard events cleared
263.5501 	EXP 	fixation: autoDraw = False
263.5501 	EXP 	text: autoDraw = True
266.7302 	EXP 	Device response: <KeyPress from None: t=266.724328833001, value=l, duration=None>
266.7305 	EXP 	New trial (rep=5, index=6): <Trial 41 (6 in rep 5) data={'reward_today': 40, 'future_reward': 55, 'delay': 62, 'thisN': 41, 'thisTrialN': 6, 'thisRepN': 5}>
266.7346 	DATA 	Keypress: l
266.7371 	EXP 	fixation: autoDraw = False
266.7371 	EXP 	text: autoDraw = False
266.7371 	EXP 	text: height = np.float64(0.05000000000000001)
266.7371 	EXP 	text: height = np.float64(0.05000000000000001)
266.7371 	EXP 	text: height = np.float64(0.05000000000000001)
266.7371 	EXP 	text: text = ' GBP 40 today  or  GBP 55 after 62 days '
266.7371 	EXP 	fixation: autoDraw = True
266.8795 	EXP 	Device response: <KeyPress from None: t=266.724328833001, value=l, duration=0.15232216599906678>
267.7318 	INFO 	Keyboard events cleared
267.7317 	EXP 	text: autoDraw = True
267.7357 	EXP 	fixation: autoDraw = False
270.5619 	EXP 	Device response: <KeyPress from None: t=270.55723220800064, value=t, duration=None>
270.5620 	EXP 	New trial (rep=6, index=0): <Trial 42 (0 in rep 6) data={'reward_today': 11, 'future_reward': 30, 'delay': 7, 'thisN': 42, 'thisTrialN': 0, 'thisRepN': 6}>
270.5659 	DATA 	Keypress: t
270.5683 	EXP 	fixation: autoDraw = False
270.5683 	EXP 	text: autoDraw = False
270.5683 	EXP 	text: height = np.float64(0.05000000000000001)
270.5683 	EXP 	text: height = np.float64(0.05000000000000001)
270.5683 	EXP 	text: height = np.float64(0.05000000000000001)
270.5683 	EXP 	text: text = ' GBP 11 today  or  GBP 30 after 7 days '
270.5683 	EXP 	fixation: autoDraw = True
270.6858 	EXP 	Device response: <KeyPress from None: t=270.55723220800064, value=t, duration=0.12431116600055248>
271.5510 	INFO 	Keyboard events cleared
271.5510 	EXP 	text: autoDraw = True
271.5614 	EXP 	fixation: autoDraw = False
275.0185 	EXP 	Device response: <KeyPress from None: t=275.0151085409998, value=l, duration=None>
275.0187 	EXP 	New trial (rep=6, index=1): <Trial 43 (1 in rep 6) data={'reward_today': 27, 'future_reward': 50, 'delay': 21, 'thisN': 43, 'thisTrialN': 1, 'thisRepN': 6}>
275.0229 	DATA 	Keypress: l
275.0285 	EXP 	fixation: autoDraw = False
275.0285 	EXP 	text: autoDraw = False
275.0285 	EXP 	text: height = np.float64(0.05000000000000001)
275.0285 	EXP 	text: height = np.float64(0.05000000000000001)
275.0285 	EXP 	text: height = np.float64(0.05000000000000001)
275.0285 	EXP 	text: text = ' GBP 27 today  or  GBP 50 after 21 days '
275.0285 	EXP 	fixation: autoDraw = True
275.1617 	EXP 	Device response: <KeyPress from None: t=275.0151085409998, value=l, duration=0.13631454200003645>
276.0119 	INFO 	Keyboard events cleared
276.0118 	EXP 	text: autoDraw = True
276.0174 	EXP 	fixation: autoDraw = False
279.4291 	EXP 	Device response: <KeyPress from None: t=279.4189198330005, value=t, duration=None>
279.4293 	EXP 	New trial (rep=6, index=2): <Trial 44 (2 in rep 6) data={'reward_today': 67, 'future_reward': 75, 'delay': 119, 'thisN': 44, 'thisTrialN': 2, 'thisRepN': 6}>
279.4330 	DATA 	Keypress: t
279.4358 	EXP 	fixation: autoDraw = False
279.4358 	EXP 	text: autoDraw = False
279.4358 	EXP 	text: height = np.float64(0.05000000000000001)
279.4358 	EXP 	text: height = np.float64(0.05000000000000001)
279.4358 	EXP 	text: height = np.float64(0.05000000000000001)
279.4358 	EXP 	text: text = ' GBP 67 today  or  GBP 75 after 119 days '
279.4358 	EXP 	fixation: autoDraw = True
279.5123 	EXP 	Device response: <KeyPress from None: t=279.4189198330005, value=t, duration=0.09235149999949499>
280.4175 	INFO 	Keyboard events cleared
280.4175 	EXP 	text: autoDraw = True
280.4351 	EXP 	fixation: autoDraw = False
283.4117 	EXP 	Device response: <KeyPress from None: t=283.40490312400107, value=l, duration=None>
283.4119 	EXP 	New trial (rep=6, index=3): <Trial 45 (3 in rep 6) data={'reward_today': 49, 'future_reward': 60, 'delay': 89, 'thisN': 45, 'thisTrialN': 3, 'thisRepN': 6}>
283.4152 	DATA 	Keypress: l
283.4176 	EXP 	fixation: autoDraw = False
283.4176 	EXP 	text: autoDraw = False
283.4176 	EXP 	text: height = np.float64(0.05000000000000001)
283.4176 	EXP 	text: height = np.float64(0.05000000000000001)
283.4176 	EXP 	text: height = np.float64(0.05000000000000001)
283.4176 	EXP 	text: text = ' GBP 49 today  or  GBP 60 after 89 days '
283.4176 	EXP 	fixation: autoDraw = True
283.4689 	EXP 	Device response: <KeyPress from None: t=283.40490312400107, value=l, duration=0.060350208999807364>
284.4005 	INFO 	Keyboard events cleared
284.4004 	EXP 	text: autoDraw = True
284.4120 	EXP 	fixation: autoDraw = False
287.2628 	EXP 	Device response: <KeyPress from None: t=287.26078129100097, value=t, duration=None>
287.2630 	EXP 	New trial (rep=6, index=4): <Trial 46 (4 in rep 6) data={'reward_today': 78, 'future_reward': 80, 'delay': 162, 'thisN': 46, 'thisTrialN': 4, 'thisRepN': 6}>
287.2670 	DATA 	Keypress: t
287.2698 	EXP 	fixation: autoDraw = False
287.2698 	EXP 	text: autoDraw = False
287.2698 	EXP 	text: height = np.float64(0.05000000000000001)
287.2698 	EXP 	text: height = np.float64(0.05000000000000001)
287.2698 	EXP 	text: height = np.float64(0.05000000000000001)
287.2698 	EXP 	text: text = ' GBP 78 today  or  GBP 80 after 162 days '
287.2698 	EXP 	fixation: autoDraw = True
287.3804 	EXP 	Device response: <KeyPress from None: t=287.26078129100097, value=t, duration=0.11629349999930128>
288.2622 	INFO 	Keyboard events cleared
288.2622 	EXP 	text: autoDraw = True
288.2675 	EXP 	fixation: autoDraw = False
291.7452 	EXP 	Device response: <KeyPress from None: t=291.7371798740005, value=t, duration=None>
291.7454 	EXP 	New trial (rep=6, index=5): <Trial 47 (5 in rep 6) data={'reward_today': 15, 'future_reward': 35, 'delay': 13, 'thisN': 47, 'thisTrialN': 5, 'thisRepN': 6}>
291.7491 	DATA 	Keypress: t
291.7514 	EXP 	fixation: autoDraw = False
291.7514 	EXP 	text: autoDraw = False
291.7514 	EXP 	text: height = np.float64(0.05000000000000001)
291.7514 	EXP 	text: height = np.float64(0.05000000000000001)
291.7514 	EXP 	text: height = np.float64(0.05000000000000001)
291.7514 	EXP 	text: text = ' GBP 15 today  or  GBP 35 after 13 days '
291.7514 	EXP 	fixation: autoDraw = True
291.8363 	EXP 	Device response: <KeyPress from None: t=291.7371798740005, value=t, duration=0.09574833400074567>
292.7351 	INFO 	Keyboard events cleared
292.7350 	EXP 	text: autoDraw = True
292.7451 	EXP 	fixation: autoDraw = False
295.8618 	EXP 	Device response: <KeyPress from None: t=295.852466499, value=l, duration=None>
295.8619 	EXP 	New trial (rep=6, index=6): <Trial 48 (6 in rep 6) data={'reward_today': 40, 'future_reward': 55, 'delay': 62, 'thisN': 48, 'thisTrialN': 6, 'thisRepN': 6}>
295.8653 	DATA 	Keypress: l
295.8682 	EXP 	fixation: autoDraw = False
295.8682 	EXP 	text: autoDraw = False
295.8682 	EXP 	text: height = np.float64(0.05000000000000001)
295.8682 	EXP 	text: height = np.float64(0.05000000000000001)
295.8682 	EXP 	text: height = np.float64(0.05000000000000001)
295.8682 	EXP 	text: text = ' GBP 40 today  or  GBP 55 after 62 days '
295.8682 	EXP 	fixation: autoDraw = True
295.9793 	EXP 	Device response: <KeyPress from None: t=295.852466499, value=l, duration=0.12046474999988277>
296.8522 	INFO 	Keyboard events cleared
296.8521 	EXP 	text: autoDraw = True
296.8621 	EXP 	fixation: autoDraw = False
299.9009 	EXP 	Device response: <KeyPress from None: t=299.89738374900116, value=t, duration=None>
299.9011 	EXP 	New trial (rep=7, index=0): <Trial 49 (0 in rep 7) data={'reward_today': 11, 'future_reward': 30, 'delay': 7, 'thisN': 49, 'thisTrialN': 0, 'thisRepN': 7}>
299.9049 	DATA 	Keypress: t
299.9116 	EXP 	fixation: autoDraw = False
299.9116 	EXP 	text: autoDraw = False
299.9116 	EXP 	text: height = np.float64(0.05000000000000001)
299.9116 	EXP 	text: height = np.float64(0.05000000000000001)
299.9116 	EXP 	text: height = np.float64(0.05000000000000001)
299.9116 	EXP 	text: text = ' GBP 11 today  or  GBP 30 after 7 days '
299.9116 	EXP 	fixation: autoDraw = True
300.0175 	EXP 	Device response: <KeyPress from None: t=299.89738374900116, value=t, duration=0.11641654199956974>
300.8948 	INFO 	Keyboard events cleared
300.8947 	EXP 	text: autoDraw = True
300.8989 	EXP 	fixation: autoDraw = False
305.3793 	EXP 	Device response: <KeyPress from None: t=305.3693656659998, value=t, duration=None>
305.3795 	EXP 	New trial (rep=7, index=1): <Trial 50 (1 in rep 7) data={'reward_today': 67, 'future_reward': 75, 'delay': 119, 'thisN': 50, 'thisTrialN': 1, 'thisRepN': 7}>
305.3834 	DATA 	Keypress: t
305.3858 	EXP 	fixation: autoDraw = False
305.3858 	EXP 	text: autoDraw = False
305.3858 	EXP 	text: height = np.float64(0.05000000000000001)
305.3858 	EXP 	text: height = np.float64(0.05000000000000001)
305.3858 	EXP 	text: height = np.float64(0.05000000000000001)
305.3858 	EXP 	text: text = ' GBP 67 today  or  GBP 75 after 119 days '
305.3858 	EXP 	fixation: autoDraw = True
305.4800 	EXP 	Device response: <KeyPress from None: t=305.3693656659998, value=t, duration=0.10826837500098918>
306.3682 	INFO 	Keyboard events cleared
306.3682 	EXP 	text: autoDraw = True
306.3786 	EXP 	fixation: autoDraw = False
310.3884 	EXP 	Device response: <KeyPress from None: t=310.3861911660006, value=t, duration=None>
310.3887 	EXP 	New trial (rep=7, index=2): <Trial 51 (2 in rep 7) data={'reward_today': 27, 'future_reward': 50, 'delay': 21, 'thisN': 51, 'thisTrialN': 2, 'thisRepN': 7}>
310.3974 	DATA 	Keypress: t
310.4076 	EXP 	fixation: autoDraw = False
310.4076 	EXP 	text: autoDraw = False
310.4076 	EXP 	text: height = np.float64(0.05000000000000001)
310.4076 	EXP 	text: height = np.float64(0.05000000000000001)
310.4076 	EXP 	text: height = np.float64(0.05000000000000001)
310.4076 	EXP 	text: text = ' GBP 27 today  or  GBP 50 after 21 days '
310.4076 	EXP 	fixation: autoDraw = True
310.5199 	EXP 	Device response: <KeyPress from None: t=310.3861911660006, value=t, duration=0.12828116699893144>
311.3856 	INFO 	Keyboard events cleared
311.3855 	EXP 	text: autoDraw = True
311.4020 	EXP 	fixation: autoDraw = False
314.7790 	EXP 	Device response: <KeyPress from None: t=314.7720812490006, value=t, duration=None>
314.7793 	EXP 	New trial (rep=7, index=3): <Trial 52 (3 in rep 7) data={'reward_today': 78, 'future_reward': 80, 'delay': 162, 'thisN': 52, 'thisTrialN': 3, 'thisRepN': 7}>
314.7839 	DATA 	Keypress: t
314.7861 	EXP 	fixation: autoDraw = False
314.7861 	EXP 	text: autoDraw = False
314.7861 	EXP 	text: height = np.float64(0.05000000000000001)
314.7861 	EXP 	text: height = np.float64(0.05000000000000001)
314.7861 	EXP 	text: height = np.float64(0.05000000000000001)
314.7861 	EXP 	text: text = ' GBP 78 today  or  GBP 80 after 162 days '
314.7861 	EXP 	fixation: autoDraw = True
314.8951 	EXP 	Device response: <KeyPress from None: t=314.7720812490006, value=t, duration=0.11633554199943319>
315.7684 	INFO 	Keyboard events cleared
315.7684 	EXP 	text: autoDraw = True
315.7850 	EXP 	fixation: autoDraw = False
319.1955 	EXP 	Device response: <KeyPress from None: t=319.19289079100054, value=t, duration=None>
319.1956 	EXP 	New trial (rep=7, index=4): <Trial 53 (4 in rep 7) data={'reward_today': 15, 'future_reward': 35, 'delay': 13, 'thisN': 53, 'thisTrialN': 4, 'thisRepN': 7}>
319.1991 	DATA 	Keypress: t
319.2017 	EXP 	fixation: autoDraw = False
319.2017 	EXP 	text: autoDraw = False
319.2017 	EXP 	text: height = np.float64(0.05000000000000001)
319.2017 	EXP 	text: height = np.float64(0.05000000000000001)
319.2017 	EXP 	text: height = np.float64(0.05000000000000001)
319.2017 	EXP 	text: text = ' GBP 15 today  or  GBP 35 after 13 days '
319.2017 	EXP 	fixation: autoDraw = True
319.3528 	EXP 	Device response: <KeyPress from None: t=319.19289079100054, value=t, duration=0.15641266700004053>
320.1857 	INFO 	Keyboard events cleared
320.1856 	EXP 	text: autoDraw = True
320.1946 	EXP 	fixation: autoDraw = False
323.8121 	EXP 	Device response: <KeyPress from None: t=323.80984599899966, value=t, duration=None>
323.8124 	EXP 	New trial (rep=7, index=5): <Trial 54 (5 in rep 7) data={'reward_today': 40, 'future_reward': 55, 'delay': 62, 'thisN': 54, 'thisTrialN': 5, 'thisRepN': 7}>
323.8158 	DATA 	Keypress: t
323.8185 	EXP 	fixation: autoDraw = False
323.8185 	EXP 	text: autoDraw = False
323.8185 	EXP 	text: height = np.float64(0.05000000000000001)
323.8185 	EXP 	text: height = np.float64(0.05000000000000001)
323.8185 	EXP 	text: height = np.float64(0.05000000000000001)
323.8185 	EXP 	text: text = ' GBP 40 today  or  GBP 55 after 62 days '
323.8185 	EXP 	fixation: autoDraw = True
323.9799 	EXP 	Device response: <KeyPress from None: t=323.80984599899966, value=t, duration=0.16434300000037183>
324.8012 	INFO 	Keyboard events cleared
324.8011 	EXP 	text: autoDraw = True
324.8115 	EXP 	fixation: autoDraw = False
328.0450 	EXP 	Device response: <KeyPress from None: t=328.0367189160006, value=t, duration=None>
328.0452 	EXP 	New trial (rep=7, index=6): <Trial 55 (6 in rep 7) data={'reward_today': 49, 'future_reward': 60, 'delay': 89, 'thisN': 55, 'thisTrialN': 6, 'thisRepN': 7}>
328.0486 	DATA 	Keypress: t
328.0513 	EXP 	fixation: autoDraw = False
328.0513 	EXP 	text: autoDraw = False
328.0513 	EXP 	text: height = np.float64(0.05000000000000001)
328.0513 	EXP 	text: height = np.float64(0.05000000000000001)
328.0513 	EXP 	text: height = np.float64(0.05000000000000001)
328.0513 	EXP 	text: text = ' GBP 49 today  or  GBP 60 after 89 days '
328.0513 	EXP 	fixation: autoDraw = True
328.1349 	EXP 	Device response: <KeyPress from None: t=328.0367189160006, value=t, duration=0.09633475000009639>
329.0358 	INFO 	Keyboard events cleared
329.0358 	EXP 	text: autoDraw = True
329.0451 	EXP 	fixation: autoDraw = False
331.3799 	EXP 	Device response: <KeyPress from None: t=331.3786762489999, value=apostrophe, duration=None>
331.3866 	DATA 	Keypress: apostrophe
331.5856 	EXP 	Device response: <KeyPress from None: t=331.3786762489999, value=apostrophe, duration=0.20423070899960294>
332.0690 	EXP 	Device response: <KeyPress from None: t=332.0626125409999, value=t, duration=None>
332.0692 	EXP 	New trial (rep=8, index=0): <Trial 56 (0 in rep 8) data={'reward_today': 78, 'future_reward': 80, 'delay': 162, 'thisN': 56, 'thisTrialN': 0, 'thisRepN': 8}>
332.0729 	DATA 	Keypress: t
332.0790 	EXP 	fixation: autoDraw = False
332.0790 	EXP 	text: autoDraw = False
332.0790 	EXP 	text: height = np.float64(0.05000000000000001)
332.0790 	EXP 	text: height = np.float64(0.05000000000000001)
332.0790 	EXP 	text: height = np.float64(0.05000000000000001)
332.0790 	EXP 	text: text = ' GBP 78 today  or  GBP 80 after 162 days '
332.0790 	EXP 	fixation: autoDraw = True
332.1951 	EXP 	Device response: <KeyPress from None: t=332.0626125409999, value=t, duration=0.12438316699990537>
333.0616 	INFO 	Keyboard events cleared
333.0616 	EXP 	text: autoDraw = True
333.0680 	EXP 	fixation: autoDraw = False
336.2951 	EXP 	Device response: <KeyPress from None: t=336.2854926660002, value=t, duration=None>
336.2953 	EXP 	New trial (rep=8, index=1): <Trial 57 (1 in rep 8) data={'reward_today': 67, 'future_reward': 75, 'delay': 119, 'thisN': 57, 'thisTrialN': 1, 'thisRepN': 8}>
336.2993 	DATA 	Keypress: t
336.3017 	EXP 	fixation: autoDraw = False
336.3017 	EXP 	text: autoDraw = False
336.3017 	EXP 	text: height = np.float64(0.05000000000000001)
336.3017 	EXP 	text: height = np.float64(0.05000000000000001)
336.3017 	EXP 	text: height = np.float64(0.05000000000000001)
336.3017 	EXP 	text: text = ' GBP 67 today  or  GBP 75 after 119 days '
336.3017 	EXP 	fixation: autoDraw = True
336.3953 	EXP 	Device response: <KeyPress from None: t=336.2854926660002, value=t, duration=0.10433766700043634>
337.2845 	INFO 	Keyboard events cleared
337.2843 	EXP 	text: autoDraw = True
337.2954 	EXP 	fixation: autoDraw = False
340.2294 	EXP 	Device response: <KeyPress from None: t=340.2244795830011, value=t, duration=None>
340.2297 	EXP 	New trial (rep=8, index=2): <Trial 58 (2 in rep 8) data={'reward_today': 15, 'future_reward': 35, 'delay': 13, 'thisN': 58, 'thisTrialN': 2, 'thisRepN': 8}>
340.2335 	DATA 	Keypress: t
340.2361 	EXP 	fixation: autoDraw = False
340.2361 	EXP 	text: autoDraw = False
340.2361 	EXP 	text: height = np.float64(0.05000000000000001)
340.2361 	EXP 	text: height = np.float64(0.05000000000000001)
340.2361 	EXP 	text: height = np.float64(0.05000000000000001)
340.2361 	EXP 	text: text = ' GBP 15 today  or  GBP 35 after 13 days '
340.2361 	EXP 	fixation: autoDraw = True
340.3457 	EXP 	Device response: <KeyPress from None: t=340.2244795830011, value=t, duration=0.12026383299962617>
341.2282 	INFO 	Keyboard events cleared
341.2281 	EXP 	text: autoDraw = True
341.2354 	EXP 	fixation: autoDraw = False
344.2116 	EXP 	Device response: <KeyPress from None: t=344.21032241600005, value=l, duration=None>
344.2118 	EXP 	New trial (rep=8, index=3): <Trial 59 (3 in rep 8) data={'reward_today': 11, 'future_reward': 30, 'delay': 7, 'thisN': 59, 'thisTrialN': 3, 'thisRepN': 8}>
344.2185 	EXP 	fixation: autoDraw = False
344.2185 	EXP 	text: autoDraw = False
344.2185 	EXP 	text: height = np.float64(0.05000000000000001)
344.2185 	EXP 	text: height = np.float64(0.05000000000000001)
344.2185 	EXP 	text: height = np.float64(0.05000000000000001)
344.2185 	EXP 	text: text = ' GBP 11 today  or  GBP 30 after 7 days '
344.2185 	EXP 	fixation: autoDraw = True
344.2201 	DATA 	Keypress: l
344.3293 	EXP 	Device response: <KeyPress from None: t=344.21032241600005, value=l, duration=0.1164049580002029>
345.2013 	INFO 	Keyboard events cleared
345.2012 	EXP 	text: autoDraw = True
345.2119 	EXP 	fixation: autoDraw = False
348.4952 	EXP 	Device response: <KeyPress from None: t=348.4902684580011, value=l, duration=None>
348.4953 	EXP 	New trial (rep=8, index=4): <Trial 60 (4 in rep 8) data={'reward_today': 40, 'future_reward': 55, 'delay': 62, 'thisN': 60, 'thisTrialN': 4, 'thisRepN': 8}>
348.4989 	DATA 	Keypress: l
348.5017 	EXP 	fixation: autoDraw = False
348.5017 	EXP 	text: autoDraw = False
348.5017 	EXP 	text: height = np.float64(0.05000000000000001)
348.5017 	EXP 	text: height = np.float64(0.05000000000000001)
348.5017 	EXP 	text: height = np.float64(0.05000000000000001)
348.5017 	EXP 	text: text = ' GBP 40 today  or  GBP 55 after 62 days '
348.5017 	EXP 	fixation: autoDraw = True
348.6195 	EXP 	Device response: <KeyPress from None: t=348.4902684580011, value=l, duration=0.12432129099943268>
349.4837 	INFO 	Keyboard events cleared
349.4836 	EXP 	text: autoDraw = True
349.4998 	EXP 	fixation: autoDraw = False
352.2365 	EXP 	Device response: <KeyPress from None: t=352.23403066600076, value=t, duration=None>
352.2367 	EXP 	New trial (rep=8, index=5): <Trial 61 (5 in rep 8) data={'reward_today': 27, 'future_reward': 50, 'delay': 21, 'thisN': 61, 'thisTrialN': 5, 'thisRepN': 8}>
352.2402 	DATA 	Keypress: t
352.2445 	EXP 	fixation: autoDraw = False
352.2445 	EXP 	text: autoDraw = False
352.2445 	EXP 	text: height = np.float64(0.05000000000000001)
352.2445 	EXP 	text: height = np.float64(0.05000000000000001)
352.2445 	EXP 	text: height = np.float64(0.05000000000000001)
352.2445 	EXP 	text: text = ' GBP 27 today  or  GBP 50 after 21 days '
352.2445 	EXP 	fixation: autoDraw = True
352.3954 	EXP 	Device response: <KeyPress from None: t=352.23403066600076, value=t, duration=0.15233274999991409>
353.2354 	INFO 	Keyboard events cleared
353.2353 	EXP 	fixation: autoDraw = False
353.2353 	EXP 	text: autoDraw = True
356.9457 	EXP 	Device response: <KeyPress from None: t=356.940922916001, value=t, duration=None>
356.9458 	EXP 	New trial (rep=8, index=6): <Trial 62 (6 in rep 8) data={'reward_today': 49, 'future_reward': 60, 'delay': 89, 'thisN': 62, 'thisTrialN': 6, 'thisRepN': 8}>
356.9493 	DATA 	Keypress: t
356.9516 	EXP 	fixation: autoDraw = False
356.9516 	EXP 	text: autoDraw = False
356.9516 	EXP 	text: height = np.float64(0.05000000000000001)
356.9516 	EXP 	text: height = np.float64(0.05000000000000001)
356.9516 	EXP 	text: height = np.float64(0.05000000000000001)
356.9516 	EXP 	text: text = ' GBP 49 today  or  GBP 60 after 89 days '
356.9516 	EXP 	fixation: autoDraw = True
357.0691 	EXP 	Device response: <KeyPress from None: t=356.940922916001, value=t, duration=0.12039020799966238>
357.9343 	INFO 	Keyboard events cleared
357.9341 	EXP 	text: autoDraw = True
357.9453 	EXP 	fixation: autoDraw = False
360.9023 	EXP 	Device response: <KeyPress from None: t=360.89585191600054, value=t, duration=None>
360.9024 	EXP 	New trial (rep=9, index=0): <Trial 63 (0 in rep 9) data={'reward_today': 27, 'future_reward': 50, 'delay': 21, 'thisN': 63, 'thisTrialN': 0, 'thisRepN': 9}>
360.9055 	DATA 	Keypress: t
360.9115 	EXP 	fixation: autoDraw = False
360.9115 	EXP 	text: autoDraw = False
360.9115 	EXP 	text: height = np.float64(0.05000000000000001)
360.9115 	EXP 	text: height = np.float64(0.05000000000000001)
360.9115 	EXP 	text: height = np.float64(0.05000000000000001)
360.9115 	EXP 	text: text = ' GBP 27 today  or  GBP 50 after 21 days '
360.9115 	EXP 	fixation: autoDraw = True
361.0801 	EXP 	Device response: <KeyPress from None: t=360.89585191600054, value=t, duration=0.17941137500019977>
361.8947 	INFO 	Keyboard events cleared
361.8946 	EXP 	text: autoDraw = True
361.9017 	EXP 	fixation: autoDraw = False
366.0952 	EXP 	Device response: <KeyPress from None: t=366.08978762399965, value=t, duration=None>
366.0954 	EXP 	New trial (rep=9, index=1): <Trial 64 (1 in rep 9) data={'reward_today': 15, 'future_reward': 35, 'delay': 13, 'thisN': 64, 'thisTrialN': 1, 'thisRepN': 9}>
366.0989 	DATA 	Keypress: t
366.1016 	EXP 	fixation: autoDraw = False
366.1016 	EXP 	text: autoDraw = False
366.1016 	EXP 	text: height = np.float64(0.05000000000000001)
366.1016 	EXP 	text: height = np.float64(0.05000000000000001)
366.1016 	EXP 	text: height = np.float64(0.05000000000000001)
366.1016 	EXP 	text: text = ' GBP 15 today  or  GBP 35 after 13 days '
366.1016 	EXP 	fixation: autoDraw = True
366.2123 	EXP 	Device response: <KeyPress from None: t=366.08978762399965, value=t, duration=0.12033941700065043>
367.0848 	INFO 	Keyboard events cleared
367.0847 	EXP 	text: autoDraw = True
367.0948 	EXP 	fixation: autoDraw = False
370.5364 	EXP 	Device response: <KeyPress from None: t=370.5306595410002, value=t, duration=None>
370.5366 	EXP 	New trial (rep=9, index=2): <Trial 65 (2 in rep 9) data={'reward_today': 49, 'future_reward': 60, 'delay': 89, 'thisN': 65, 'thisTrialN': 2, 'thisRepN': 9}>
370.5412 	DATA 	Keypress: t
370.5446 	EXP 	fixation: autoDraw = False
370.5446 	EXP 	text: autoDraw = False
370.5446 	EXP 	text: height = np.float64(0.05000000000000001)
370.5446 	EXP 	text: height = np.float64(0.05000000000000001)
370.5446 	EXP 	text: height = np.float64(0.05000000000000001)
370.5446 	EXP 	text: text = ' GBP 49 today  or  GBP 60 after 89 days '
370.5446 	EXP 	fixation: autoDraw = True
370.6468 	EXP 	Device response: <KeyPress from None: t=370.5306595410002, value=t, duration=0.112229042000763>
371.5354 	INFO 	Keyboard events cleared
371.5352 	EXP 	fixation: autoDraw = False
371.5352 	EXP 	text: autoDraw = True
376.1517 	EXP 	Device response: <KeyPress from None: t=376.1494318740006, value=t, duration=None>
376.1518 	EXP 	New trial (rep=9, index=3): <Trial 66 (3 in rep 9) data={'reward_today': 78, 'future_reward': 80, 'delay': 162, 'thisN': 66, 'thisTrialN': 3, 'thisRepN': 9}>
376.1547 	DATA 	Keypress: t
376.1611 	EXP 	fixation: autoDraw = False
376.1611 	EXP 	text: autoDraw = False
376.1611 	EXP 	text: height = np.float64(0.05000000000000001)
376.1611 	EXP 	text: height = np.float64(0.05000000000000001)
376.1611 	EXP 	text: height = np.float64(0.05000000000000001)
376.1611 	EXP 	text: text = ' GBP 78 today  or  GBP 80 after 162 days '
376.1611 	EXP 	fixation: autoDraw = True
376.2794 	EXP 	Device response: <KeyPress from None: t=376.1494318740006, value=t, duration=0.12041837499964458>
377.1444 	INFO 	Keyboard events cleared
377.1444 	EXP 	text: autoDraw = True
377.1522 	EXP 	fixation: autoDraw = False
380.4120 	EXP 	Device response: <KeyPress from None: t=380.4106574159996, value=t, duration=None>
380.4121 	EXP 	New trial (rep=9, index=4): <Trial 67 (4 in rep 9) data={'reward_today': 11, 'future_reward': 30, 'delay': 7, 'thisN': 67, 'thisTrialN': 4, 'thisRepN': 9}>
380.4157 	DATA 	Keypress: t
380.4188 	EXP 	fixation: autoDraw = False
380.4188 	EXP 	text: autoDraw = False
380.4188 	EXP 	text: height = np.float64(0.05000000000000001)
380.4188 	EXP 	text: height = np.float64(0.05000000000000001)
380.4188 	EXP 	text: height = np.float64(0.05000000000000001)
380.4188 	EXP 	text: text = ' GBP 11 today  or  GBP 30 after 7 days '
380.4188 	EXP 	fixation: autoDraw = True
380.5364 	EXP 	Device response: <KeyPress from None: t=380.4106574159996, value=t, duration=0.12010987500070769>
381.4016 	INFO 	Keyboard events cleared
381.4015 	EXP 	text: autoDraw = True
381.4119 	EXP 	fixation: autoDraw = False
385.0615 	EXP 	Device response: <KeyPress from None: t=385.0532884990007, value=l, duration=None>
385.0617 	EXP 	New trial (rep=9, index=5): <Trial 68 (5 in rep 9) data={'reward_today': 67, 'future_reward': 75, 'delay': 119, 'thisN': 68, 'thisTrialN': 5, 'thisRepN': 9}>
385.0652 	DATA 	Keypress: l
385.0688 	EXP 	fixation: autoDraw = False
385.0688 	EXP 	text: autoDraw = False
385.0688 	EXP 	text: height = np.float64(0.05000000000000001)
385.0688 	EXP 	text: height = np.float64(0.05000000000000001)
385.0688 	EXP 	text: height = np.float64(0.05000000000000001)
385.0688 	EXP 	text: text = ' GBP 67 today  or  GBP 75 after 119 days '
385.0688 	EXP 	fixation: autoDraw = True
385.1622 	EXP 	Device response: <KeyPress from None: t=385.0532884990007, value=l, duration=0.10832616699917708>
386.0506 	INFO 	Keyboard events cleared
386.0505 	EXP 	text: autoDraw = True
386.0676 	EXP 	fixation: autoDraw = False
389.7798 	EXP 	Device response: <KeyPress from None: t=389.77713837400006, value=t, duration=None>
389.7801 	EXP 	New trial (rep=9, index=6): <Trial 69 (6 in rep 9) data={'reward_today': 40, 'future_reward': 55, 'delay': 62, 'thisN': 69, 'thisTrialN': 6, 'thisRepN': 9}>
389.7837 	DATA 	Keypress: t
389.7860 	EXP 	fixation: autoDraw = False
389.7860 	EXP 	text: autoDraw = False
389.7860 	EXP 	text: height = np.float64(0.05000000000000001)
389.7860 	EXP 	text: height = np.float64(0.05000000000000001)
389.7860 	EXP 	text: height = np.float64(0.05000000000000001)
389.7860 	EXP 	text: text = ' GBP 40 today  or  GBP 55 after 62 days '
389.7860 	EXP 	fixation: autoDraw = True
389.8800 	EXP 	Device response: <KeyPress from None: t=389.77713837400006, value=t, duration=0.10034162500051025>
390.7795 	INFO 	Keyboard events cleared
390.7793 	EXP 	text: autoDraw = True
390.7848 	EXP 	fixation: autoDraw = False
393.8119 	EXP 	Device response: <KeyPress from None: t=393.8050616239998, value=t, duration=None>
393.8121 	EXP 	New trial (rep=10, index=0): <Trial 70 (0 in rep 10) data={'reward_today': 15, 'future_reward': 35, 'delay': 13, 'thisN': 70, 'thisTrialN': 0, 'thisRepN': 10}>
393.8155 	DATA 	Keypress: t
393.8179 	EXP 	fixation: autoDraw = False
393.8179 	EXP 	text: autoDraw = False
393.8179 	EXP 	text: height = np.float64(0.05000000000000001)
393.8179 	EXP 	text: height = np.float64(0.05000000000000001)
393.8179 	EXP 	text: height = np.float64(0.05000000000000001)
393.8179 	EXP 	text: text = ' GBP 15 today  or  GBP 35 after 13 days '
393.8179 	EXP 	fixation: autoDraw = True
393.9028 	EXP 	Device response: <KeyPress from None: t=393.8050616239998, value=t, duration=0.09636912499991013>
394.8024 	INFO 	Keyboard events cleared
394.8024 	EXP 	text: autoDraw = True
394.8117 	EXP 	fixation: autoDraw = False
398.0455 	EXP 	Device response: <KeyPress from None: t=398.0379731240009, value=t, duration=None>
398.0458 	EXP 	New trial (rep=10, index=1): <Trial 71 (1 in rep 10) data={'reward_today': 67, 'future_reward': 75, 'delay': 119, 'thisN': 71, 'thisTrialN': 1, 'thisRepN': 10}>
398.0495 	DATA 	Keypress: t
398.0517 	EXP 	fixation: autoDraw = False
398.0517 	EXP 	text: autoDraw = False
398.0517 	EXP 	text: height = np.float64(0.05000000000000001)
398.0517 	EXP 	text: height = np.float64(0.05000000000000001)
398.0517 	EXP 	text: height = np.float64(0.05000000000000001)
398.0517 	EXP 	text: text = ' GBP 67 today  or  GBP 75 after 119 days '
398.0517 	EXP 	fixation: autoDraw = True
398.1456 	EXP 	Device response: <KeyPress from None: t=398.0379731240009, value=t, duration=0.09636083399891504>
399.0348 	INFO 	Keyboard events cleared
399.0347 	EXP 	text: autoDraw = True
399.0451 	EXP 	fixation: autoDraw = False
402.1789 	EXP 	Device response: <KeyPress from None: t=402.17496166599994, value=t, duration=None>
402.1790 	EXP 	New trial (rep=10, index=2): <Trial 72 (2 in rep 10) data={'reward_today': 27, 'future_reward': 50, 'delay': 21, 'thisN': 72, 'thisTrialN': 2, 'thisRepN': 10}>
402.1827 	DATA 	Keypress: t
402.1850 	EXP 	fixation: autoDraw = False
402.1850 	EXP 	text: autoDraw = False
402.1850 	EXP 	text: height = np.float64(0.05000000000000001)
402.1850 	EXP 	text: height = np.float64(0.05000000000000001)
402.1850 	EXP 	text: height = np.float64(0.05000000000000001)
402.1850 	EXP 	text: text = ' GBP 27 today  or  GBP 50 after 21 days '
402.1850 	EXP 	fixation: autoDraw = True
402.2795 	EXP 	Device response: <KeyPress from None: t=402.17496166599994, value=t, duration=0.10018854200097849>
403.1673 	INFO 	Keyboard events cleared
403.1672 	EXP 	text: autoDraw = True
403.1835 	EXP 	fixation: autoDraw = False
406.1353 	EXP 	Device response: <KeyPress from None: t=406.132684958, value=t, duration=None>
406.1355 	EXP 	New trial (rep=10, index=3): <Trial 73 (3 in rep 10) data={'reward_today': 11, 'future_reward': 30, 'delay': 7, 'thisN': 73, 'thisTrialN': 3, 'thisRepN': 10}>
406.1396 	DATA 	Keypress: t
406.1447 	EXP 	fixation: autoDraw = False
406.1447 	EXP 	text: autoDraw = False
406.1447 	EXP 	text: height = np.float64(0.05000000000000001)
406.1447 	EXP 	text: height = np.float64(0.05000000000000001)
406.1447 	EXP 	text: height = np.float64(0.05000000000000001)
406.1447 	EXP 	text: text = ' GBP 11 today  or  GBP 30 after 7 days '
406.1447 	EXP 	fixation: autoDraw = True
406.2457 	EXP 	Device response: <KeyPress from None: t=406.132684958, value=t, duration=0.10443316599958052>
407.1329 	INFO 	Keyboard events cleared
407.1328 	EXP 	fixation: autoDraw = False
407.1328 	EXP 	text: autoDraw = True
410.4282 	EXP 	Device response: <KeyPress from None: t=410.4186712490009, value=l, duration=None>
410.4284 	EXP 	New trial (rep=10, index=4): <Trial 74 (4 in rep 10) data={'reward_today': 78, 'future_reward': 80, 'delay': 162, 'thisN': 74, 'thisTrialN': 4, 'thisRepN': 10}>
410.4321 	DATA 	Keypress: l
410.4350 	EXP 	fixation: autoDraw = False
410.4350 	EXP 	text: autoDraw = False
410.4350 	EXP 	text: height = np.float64(0.05000000000000001)
410.4350 	EXP 	text: height = np.float64(0.05000000000000001)
410.4350 	EXP 	text: height = np.float64(0.05000000000000001)
410.4350 	EXP 	text: text = ' GBP 78 today  or  GBP 80 after 162 days '
410.4350 	EXP 	fixation: autoDraw = True
410.5465 	EXP 	Device response: <KeyPress from None: t=410.4186712490009, value=l, duration=0.1242343339999934>
411.4179 	INFO 	Keyboard events cleared
411.4178 	EXP 	text: autoDraw = True
411.4280 	EXP 	fixation: autoDraw = False
414.6349 	EXP 	Device response: <KeyPress from None: t=414.6284304159999, value=t, duration=None>
414.6350 	EXP 	New trial (rep=10, index=5): <Trial 75 (5 in rep 10) data={'reward_today': 40, 'future_reward': 55, 'delay': 62, 'thisN': 75, 'thisTrialN': 5, 'thisRepN': 10}>
414.6386 	DATA 	Keypress: t
414.6448 	EXP 	fixation: autoDraw = False
414.6448 	EXP 	text: autoDraw = False
414.6448 	EXP 	text: height = np.float64(0.05000000000000001)
414.6448 	EXP 	text: height = np.float64(0.05000000000000001)
414.6448 	EXP 	text: height = np.float64(0.05000000000000001)
414.6448 	EXP 	text: text = ' GBP 40 today  or  GBP 55 after 62 days '
414.6448 	EXP 	fixation: autoDraw = True
414.7463 	EXP 	Device response: <KeyPress from None: t=414.6284304159999, value=t, duration=0.11242741699970793>
415.6286 	INFO 	Keyboard events cleared
415.6286 	EXP 	text: autoDraw = True
415.6344 	EXP 	fixation: autoDraw = False
418.3028 	EXP 	Device response: <KeyPress from None: t=418.3005353330009, value=t, duration=None>
418.3029 	EXP 	New trial (rep=10, index=6): <Trial 76 (6 in rep 10) data={'reward_today': 49, 'future_reward': 60, 'delay': 89, 'thisN': 76, 'thisTrialN': 6, 'thisRepN': 10}>
418.3063 	DATA 	Keypress: t
418.3111 	EXP 	fixation: autoDraw = False
418.3111 	EXP 	text: autoDraw = False
418.3111 	EXP 	text: height = np.float64(0.05000000000000001)
418.3111 	EXP 	text: height = np.float64(0.05000000000000001)
418.3111 	EXP 	text: height = np.float64(0.05000000000000001)
418.3111 	EXP 	text: text = ' GBP 49 today  or  GBP 60 after 89 days '
418.3111 	EXP 	fixation: autoDraw = True
418.3958 	EXP 	Device response: <KeyPress from None: t=418.39245924900024, value=4, duration=None>
418.4036 	DATA 	Keypress: 4
418.4848 	EXP 	Device response: <KeyPress from None: t=418.3005353330009, value=t, duration=0.1798254999994242>
418.5030 	EXP 	Device response: <KeyPress from None: t=418.39245924900024, value=4, duration=0.10831870900074136>
419.3025 	INFO 	Keyboard events cleared
419.3025 	EXP 	fixation: autoDraw = False
419.3025 	EXP 	text: autoDraw = True
422.1020 	EXP 	Device response: <KeyPress from None: t=422.1004103329997, value=t, duration=None>
422.1022 	EXP 	New trial (rep=11, index=0): <Trial 77 (0 in rep 11) data={'reward_today': 49, 'future_reward': 60, 'delay': 89, 'thisN': 77, 'thisTrialN': 0, 'thisRepN': 11}>
422.1114 	EXP 	fixation: autoDraw = False
422.1114 	EXP 	text: autoDraw = False
422.1114 	EXP 	text: text = ' GBP 49 today  or  GBP 60 after 89 days '
422.1114 	EXP 	fixation: autoDraw = True
422.1131 	DATA 	Keypress: t
422.2283 	EXP 	Device response: <KeyPress from None: t=422.1004103329997, value=t, duration=0.12420637500144949>
423.1005 	INFO 	Keyboard events cleared
423.1004 	EXP 	fixation: autoDraw = False
423.1004 	EXP 	text: autoDraw = True
425.8784 	EXP 	Device response: <KeyPress from None: t=425.8702865409996, value=t, duration=None>
425.8786 	EXP 	New trial (rep=11, index=1): <Trial 78 (1 in rep 11) data={'reward_today': 11, 'future_reward': 30, 'delay': 7, 'thisN': 78, 'thisTrialN': 1, 'thisRepN': 11}>
425.8822 	DATA 	Keypress: t
425.8848 	EXP 	fixation: autoDraw = False
425.8848 	EXP 	text: autoDraw = False
425.8848 	EXP 	text: height = np.float64(0.05000000000000001)
425.8848 	EXP 	text: height = np.float64(0.05000000000000001)
425.8848 	EXP 	text: height = np.float64(0.05000000000000001)
425.8848 	EXP 	text: text = ' GBP 11 today  or  GBP 30 after 7 days '
425.8848 	EXP 	fixation: autoDraw = True
425.9525 	EXP 	Device response: <KeyPress from None: t=425.8702865409996, value=t, duration=0.08029287499994098>
426.8680 	INFO 	Keyboard events cleared
426.8680 	EXP 	text: autoDraw = True
426.8784 	EXP 	fixation: autoDraw = False
429.9292 	EXP 	Device response: <KeyPress from None: t=429.92716037399987, value=l, duration=None>
429.9294 	EXP 	New trial (rep=11, index=2): <Trial 79 (2 in rep 11) data={'reward_today': 40, 'future_reward': 55, 'delay': 62, 'thisN': 79, 'thisTrialN': 2, 'thisRepN': 11}>
429.9332 	DATA 	Keypress: l
429.9359 	EXP 	fixation: autoDraw = False
429.9359 	EXP 	text: autoDraw = False
429.9359 	EXP 	text: height = np.float64(0.05000000000000001)
429.9359 	EXP 	text: height = np.float64(0.05000000000000001)
429.9359 	EXP 	text: height = np.float64(0.05000000000000001)
429.9359 	EXP 	text: text = ' GBP 40 today  or  GBP 55 after 62 days '
429.9359 	EXP 	fixation: autoDraw = True
430.0667 	EXP 	Device response: <KeyPress from None: t=429.92716037399987, value=l, duration=0.13630470899988723>
430.9172 	INFO 	Keyboard events cleared
430.9171 	EXP 	text: autoDraw = True
430.9332 	EXP 	fixation: autoDraw = False
433.5785 	EXP 	Device response: <KeyPress from None: t=433.5770214160002, value=t, duration=None>
433.5786 	EXP 	New trial (rep=11, index=3): <Trial 80 (3 in rep 11) data={'reward_today': 78, 'future_reward': 80, 'delay': 162, 'thisN': 80, 'thisTrialN': 3, 'thisRepN': 11}>
433.5839 	EXP 	fixation: autoDraw = False
433.5839 	EXP 	text: autoDraw = False
433.5839 	EXP 	text: height = np.float64(0.05000000000000001)
433.5839 	EXP 	text: height = np.float64(0.05000000000000001)
433.5839 	EXP 	text: height = np.float64(0.05000000000000001)
433.5839 	EXP 	text: text = ' GBP 78 today  or  GBP 80 after 162 days '
433.5839 	EXP 	fixation: autoDraw = True
433.5854 	DATA 	Keypress: t
433.6790 	EXP 	Device response: <KeyPress from None: t=433.5770214160002, value=t, duration=0.10039024999969115>
434.5674 	INFO 	Keyboard events cleared
434.5673 	EXP 	text: autoDraw = True
434.5784 	EXP 	fixation: autoDraw = False
437.6522 	EXP 	Device response: <KeyPress from None: t=437.650901291001, value=t, duration=None>
437.6523 	EXP 	New trial (rep=11, index=4): <Trial 81 (4 in rep 11) data={'reward_today': 67, 'future_reward': 75, 'delay': 119, 'thisN': 81, 'thisTrialN': 4, 'thisRepN': 11}>
437.6559 	DATA 	Keypress: t
437.6611 	EXP 	fixation: autoDraw = False
437.6611 	EXP 	text: autoDraw = False
437.6611 	EXP 	text: height = np.float64(0.05000000000000001)
437.6611 	EXP 	text: height = np.float64(0.05000000000000001)
437.6611 	EXP 	text: height = np.float64(0.05000000000000001)
437.6611 	EXP 	text: text = ' GBP 67 today  or  GBP 75 after 119 days '
437.6611 	EXP 	fixation: autoDraw = True
437.7617 	EXP 	Device response: <KeyPress from None: t=437.650901291001, value=t, duration=0.10037091699996381>
438.6460 	INFO 	Keyboard events cleared
438.6458 	EXP 	text: autoDraw = True
438.6513 	EXP 	fixation: autoDraw = False
441.5116 	EXP 	Device response: <KeyPress from None: t=441.50387716600017, value=t, duration=None>
441.5118 	EXP 	New trial (rep=11, index=5): <Trial 82 (5 in rep 11) data={'reward_today': 15, 'future_reward': 35, 'delay': 13, 'thisN': 82, 'thisTrialN': 5, 'thisRepN': 11}>
441.5150 	DATA 	Keypress: t
441.5180 	EXP 	fixation: autoDraw = False
441.5180 	EXP 	text: autoDraw = False
441.5180 	EXP 	text: height = np.float64(0.05000000000000001)
441.5180 	EXP 	text: height = np.float64(0.05000000000000001)
441.5180 	EXP 	text: height = np.float64(0.05000000000000001)
441.5180 	EXP 	text: text = ' GBP 15 today  or  GBP 35 after 13 days '
441.5180 	EXP 	fixation: autoDraw = True
441.6123 	EXP 	Device response: <KeyPress from None: t=441.50387716600017, value=t, duration=0.10422350000044389>
442.5023 	INFO 	Keyboard events cleared
442.5023 	EXP 	text: autoDraw = True
442.5119 	EXP 	fixation: autoDraw = False
446.0120 	EXP 	Device response: <KeyPress from None: t=446.00484474900077, value=l, duration=None>
446.0121 	EXP 	New trial (rep=11, index=6): <Trial 83 (6 in rep 11) data={'reward_today': 27, 'future_reward': 50, 'delay': 21, 'thisN': 83, 'thisTrialN': 6, 'thisRepN': 11}>
446.0155 	DATA 	Keypress: l
446.0178 	EXP 	fixation: autoDraw = False
446.0178 	EXP 	text: autoDraw = False
446.0178 	EXP 	text: height = np.float64(0.05000000000000001)
446.0178 	EXP 	text: height = np.float64(0.05000000000000001)
446.0178 	EXP 	text: height = np.float64(0.05000000000000001)
446.0178 	EXP 	text: text = ' GBP 27 today  or  GBP 50 after 21 days '
446.0178 	EXP 	fixation: autoDraw = True
446.1029 	EXP 	Device response: <KeyPress from None: t=446.00484474900077, value=l, duration=0.09650158399927022>
447.0022 	INFO 	Keyboard events cleared
447.0021 	EXP 	text: autoDraw = True
447.0119 	EXP 	fixation: autoDraw = False
449.5461 	EXP 	Device response: <KeyPress from None: t=449.5406269160012, value=t, duration=None>
449.5463 	EXP 	New trial (rep=12, index=0): <Trial 84 (0 in rep 12) data={'reward_today': 11, 'future_reward': 30, 'delay': 7, 'thisN': 84, 'thisTrialN': 0, 'thisRepN': 12}>
449.5500 	DATA 	Keypress: t
449.5523 	EXP 	fixation: autoDraw = False
449.5523 	EXP 	text: autoDraw = False
449.5523 	EXP 	text: height = np.float64(0.05000000000000001)
449.5523 	EXP 	text: height = np.float64(0.05000000000000001)
449.5523 	EXP 	text: height = np.float64(0.05000000000000001)
449.5523 	EXP 	text: text = ' GBP 11 today  or  GBP 30 after 7 days '
449.5523 	EXP 	fixation: autoDraw = True
449.6349 	EXP 	Device response: <KeyPress from None: t=449.5406269160012, value=t, duration=0.09238670800004911>
450.5461 	INFO 	Keyboard events cleared
450.5459 	EXP 	fixation: autoDraw = False
450.5459 	EXP 	text: autoDraw = True
453.6616 	EXP 	Device response: <KeyPress from None: t=453.65353704100016, value=l, duration=None>
453.6617 	EXP 	New trial (rep=12, index=1): <Trial 85 (1 in rep 12) data={'reward_today': 15, 'future_reward': 35, 'delay': 13, 'thisN': 85, 'thisTrialN': 1, 'thisRepN': 12}>
453.6652 	DATA 	Keypress: l
453.6680 	EXP 	fixation: autoDraw = False
453.6680 	EXP 	text: autoDraw = False
453.6680 	EXP 	text: height = np.float64(0.05000000000000001)
453.6680 	EXP 	text: height = np.float64(0.05000000000000001)
453.6680 	EXP 	text: height = np.float64(0.05000000000000001)
453.6680 	EXP 	text: text = ' GBP 15 today  or  GBP 35 after 13 days '
453.6680 	EXP 	fixation: autoDraw = True
453.7619 	EXP 	Device response: <KeyPress from None: t=453.65353704100016, value=l, duration=0.1043729169996368>
454.6513 	INFO 	Keyboard events cleared
454.6512 	EXP 	text: autoDraw = True
454.6618 	EXP 	fixation: autoDraw = False
458.1956 	EXP 	Device response: <KeyPress from None: t=458.1894274990009, value=l, duration=None>
458.1959 	EXP 	New trial (rep=12, index=2): <Trial 86 (2 in rep 12) data={'reward_today': 67, 'future_reward': 75, 'delay': 119, 'thisN': 86, 'thisTrialN': 2, 'thisRepN': 12}>
458.1998 	DATA 	Keypress: l
458.2024 	EXP 	fixation: autoDraw = False
458.2024 	EXP 	text: autoDraw = False
458.2024 	EXP 	text: height = np.float64(0.05000000000000001)
458.2024 	EXP 	text: height = np.float64(0.05000000000000001)
458.2024 	EXP 	text: height = np.float64(0.05000000000000001)
458.2024 	EXP 	text: text = ' GBP 67 today  or  GBP 75 after 119 days '
458.2024 	EXP 	fixation: autoDraw = True
458.3285 	EXP 	Device response: <KeyPress from None: t=458.1894274990009, value=l, duration=0.1362872919999063>
459.1960 	INFO 	Keyboard events cleared
459.1958 	EXP 	text: autoDraw = True
459.2017 	EXP 	fixation: autoDraw = False
461.9519 	EXP 	Device response: <KeyPress from None: t=461.95136729099977, value=t, duration=None>
461.9521 	EXP 	New trial (rep=12, index=3): <Trial 87 (3 in rep 12) data={'reward_today': 49, 'future_reward': 60, 'delay': 89, 'thisN': 87, 'thisTrialN': 3, 'thisRepN': 12}>
461.9551 	DATA 	Keypress: t
461.9611 	EXP 	fixation: autoDraw = False
461.9611 	EXP 	text: autoDraw = False
461.9611 	EXP 	text: height = np.float64(0.05000000000000001)
461.9611 	EXP 	text: height = np.float64(0.05000000000000001)
461.9611 	EXP 	text: height = np.float64(0.05000000000000001)
461.9611 	EXP 	text: text = ' GBP 49 today  or  GBP 60 after 89 days '
461.9611 	EXP 	fixation: autoDraw = True
462.0463 	EXP 	Device response: <KeyPress from None: t=461.95136729099977, value=t, duration=0.09221525000066322>
462.9461 	INFO 	Keyboard events cleared
462.9458 	EXP 	text: autoDraw = True
462.9522 	EXP 	fixation: autoDraw = False
465.9012 	EXP 	Device response: <KeyPress from None: t=465.89924733299995, value=t, duration=None>
465.9014 	EXP 	New trial (rep=12, index=4): <Trial 88 (4 in rep 12) data={'reward_today': 27, 'future_reward': 50, 'delay': 21, 'thisN': 88, 'thisTrialN': 4, 'thisRepN': 12}>
465.9049 	DATA 	Keypress: t
465.9112 	EXP 	fixation: autoDraw = False
465.9112 	EXP 	text: autoDraw = False
465.9112 	EXP 	text: height = np.float64(0.05000000000000001)
465.9112 	EXP 	text: height = np.float64(0.05000000000000001)
465.9112 	EXP 	text: height = np.float64(0.05000000000000001)
465.9112 	EXP 	text: text = ' GBP 27 today  or  GBP 50 after 21 days '
465.9112 	EXP 	fixation: autoDraw = True
466.0289 	EXP 	Device response: <KeyPress from None: t=465.89924733299995, value=t, duration=0.1283138750004582>
466.8951 	INFO 	Keyboard events cleared
466.8950 	EXP 	text: autoDraw = True
466.9021 	EXP 	fixation: autoDraw = False
470.5626 	EXP 	Device response: <KeyPress from None: t=470.5611155410006, value=t, duration=None>
470.5628 	EXP 	New trial (rep=12, index=5): <Trial 89 (5 in rep 12) data={'reward_today': 78, 'future_reward': 80, 'delay': 162, 'thisN': 89, 'thisTrialN': 5, 'thisRepN': 12}>
470.5665 	DATA 	Keypress: t
470.5689 	EXP 	fixation: autoDraw = False
470.5689 	EXP 	text: autoDraw = False
470.5689 	EXP 	text: height = np.float64(0.05000000000000001)
470.5689 	EXP 	text: height = np.float64(0.05000000000000001)
470.5689 	EXP 	text: height = np.float64(0.05000000000000001)
470.5689 	EXP 	text: text = ' GBP 78 today  or  GBP 80 after 162 days '
470.5689 	EXP 	fixation: autoDraw = True
470.6785 	EXP 	Device response: <KeyPress from None: t=470.5611155410006, value=t, duration=0.10830416699900525>
471.5517 	INFO 	Keyboard events cleared
471.5517 	EXP 	text: autoDraw = True
471.5611 	EXP 	fixation: autoDraw = False
474.5967 	EXP 	Device response: <KeyPress from None: t=474.59294899900124, value=t, duration=None>
474.5968 	EXP 	New trial (rep=12, index=6): <Trial 90 (6 in rep 12) data={'reward_today': 40, 'future_reward': 55, 'delay': 62, 'thisN': 90, 'thisTrialN': 6, 'thisRepN': 12}>
474.6007 	DATA 	Keypress: t
474.6032 	EXP 	fixation: autoDraw = False
474.6032 	EXP 	text: autoDraw = False
474.6032 	EXP 	text: height = np.float64(0.05000000000000001)
474.6032 	EXP 	text: height = np.float64(0.05000000000000001)
474.6032 	EXP 	text: height = np.float64(0.05000000000000001)
474.6032 	EXP 	text: text = ' GBP 40 today  or  GBP 55 after 62 days '
474.6032 	EXP 	fixation: autoDraw = True
474.6785 	EXP 	Device response: <KeyPress from None: t=474.59294899900124, value=t, duration=0.08028504199864983>
475.5951 	INFO 	Keyboard events cleared
475.5949 	EXP 	text: autoDraw = True
475.6021 	EXP 	fixation: autoDraw = False
479.2963 	EXP 	Device response: <KeyPress from None: t=479.2918700829996, value=t, duration=None>
479.2966 	EXP 	New trial (rep=13, index=0): <Trial 91 (0 in rep 13) data={'reward_today': 49, 'future_reward': 60, 'delay': 89, 'thisN': 91, 'thisTrialN': 0, 'thisRepN': 13}>
479.3035 	DATA 	Keypress: t
479.3062 	EXP 	fixation: autoDraw = False
479.3062 	EXP 	text: autoDraw = False
479.3062 	EXP 	text: height = np.float64(0.05000000000000001)
479.3062 	EXP 	text: height = np.float64(0.05000000000000001)
479.3062 	EXP 	text: height = np.float64(0.05000000000000001)
479.3062 	EXP 	text: text = ' GBP 49 today  or  GBP 60 after 89 days '
479.3062 	EXP 	fixation: autoDraw = True
479.3960 	EXP 	Device response: <KeyPress from None: t=479.2918700829996, value=t, duration=0.09632650000094145>
480.2955 	INFO 	Keyboard events cleared
480.2954 	EXP 	text: autoDraw = True
480.3001 	EXP 	fixation: autoDraw = False
483.2288 	EXP 	Device response: <KeyPress from None: t=483.21874883300006, value=t, duration=None>
483.2290 	EXP 	New trial (rep=13, index=1): <Trial 92 (1 in rep 13) data={'reward_today': 78, 'future_reward': 80, 'delay': 162, 'thisN': 92, 'thisTrialN': 1, 'thisRepN': 13}>
483.2330 	DATA 	Keypress: t
483.2355 	EXP 	fixation: autoDraw = False
483.2355 	EXP 	text: autoDraw = False
483.2355 	EXP 	text: height = np.float64(0.05000000000000001)
483.2355 	EXP 	text: height = np.float64(0.05000000000000001)
483.2355 	EXP 	text: height = np.float64(0.05000000000000001)
483.2355 	EXP 	text: text = ' GBP 78 today  or  GBP 80 after 162 days '
483.2355 	EXP 	fixation: autoDraw = True
483.3131 	EXP 	Device response: <KeyPress from None: t=483.21874883300006, value=t, duration=0.09281058300075529>
484.2180 	INFO 	Keyboard events cleared
484.2178 	EXP 	text: autoDraw = True
484.2285 	EXP 	fixation: autoDraw = False
486.7957 	EXP 	Device response: <KeyPress from None: t=486.79372474900083, value=t, duration=None>
486.7958 	EXP 	New trial (rep=13, index=2): <Trial 93 (2 in rep 13) data={'reward_today': 27, 'future_reward': 50, 'delay': 21, 'thisN': 93, 'thisTrialN': 2, 'thisRepN': 13}>
486.7996 	DATA 	Keypress: t
486.8022 	EXP 	fixation: autoDraw = False
486.8022 	EXP 	text: autoDraw = False
486.8022 	EXP 	text: height = np.float64(0.05000000000000001)
486.8022 	EXP 	text: height = np.float64(0.05000000000000001)
486.8022 	EXP 	text: height = np.float64(0.05000000000000001)
486.8022 	EXP 	text: text = ' GBP 27 today  or  GBP 50 after 21 days '
486.8022 	EXP 	fixation: autoDraw = True
486.9456 	EXP 	Device response: <KeyPress from None: t=486.79372474900083, value=t, duration=0.13234216700038814>
487.7843 	INFO 	Keyboard events cleared
487.7842 	EXP 	text: autoDraw = True
487.8007 	EXP 	fixation: autoDraw = False
490.7625 	EXP 	Device response: <KeyPress from None: t=490.75753512400115, value=l, duration=None>
490.7627 	EXP 	New trial (rep=13, index=3): <Trial 94 (3 in rep 13) data={'reward_today': 67, 'future_reward': 75, 'delay': 119, 'thisN': 94, 'thisTrialN': 3, 'thisRepN': 13}>
490.7665 	DATA 	Keypress: l
490.7693 	EXP 	fixation: autoDraw = False
490.7693 	EXP 	text: autoDraw = False
490.7693 	EXP 	text: height = np.float64(0.05000000000000001)
490.7693 	EXP 	text: height = np.float64(0.05000000000000001)
490.7693 	EXP 	text: height = np.float64(0.05000000000000001)
490.7693 	EXP 	text: text = ' GBP 67 today  or  GBP 75 after 119 days '
490.7693 	EXP 	fixation: autoDraw = True
490.8786 	EXP 	Device response: <KeyPress from None: t=490.75753512400115, value=l, duration=0.11638841700005287>
491.7503 	INFO 	Keyboard events cleared
491.7502 	EXP 	text: autoDraw = True
491.7683 	EXP 	fixation: autoDraw = False
494.8123 	EXP 	Device response: <KeyPress from None: t=494.80051558299965, value=t, duration=None>
494.8125 	EXP 	New trial (rep=13, index=4): <Trial 95 (4 in rep 13) data={'reward_today': 15, 'future_reward': 35, 'delay': 13, 'thisN': 95, 'thisTrialN': 4, 'thisRepN': 13}>
494.8163 	DATA 	Keypress: t
494.8185 	EXP 	fixation: autoDraw = False
494.8185 	EXP 	text: autoDraw = False
494.8185 	EXP 	text: height = np.float64(0.05000000000000001)
494.8185 	EXP 	text: height = np.float64(0.05000000000000001)
494.8185 	EXP 	text: height = np.float64(0.05000000000000001)
494.8185 	EXP 	text: text = ' GBP 15 today  or  GBP 35 after 13 days '
494.8185 	EXP 	fixation: autoDraw = True
494.9284 	EXP 	Device response: <KeyPress from None: t=494.80051558299965, value=t, duration=0.12426379099997575>
495.8004 	INFO 	Keyboard events cleared
495.8003 	EXP 	text: autoDraw = True
495.8176 	EXP 	fixation: autoDraw = False
499.0960 	EXP 	Device response: <KeyPress from None: t=499.0933028740001, value=l, duration=None>
499.0962 	EXP 	New trial (rep=13, index=5): <Trial 96 (5 in rep 13) data={'reward_today': 40, 'future_reward': 55, 'delay': 62, 'thisN': 96, 'thisTrialN': 5, 'thisRepN': 13}>
499.1000 	DATA 	Keypress: l
499.1118 	EXP 	fixation: autoDraw = False
499.1118 	EXP 	text: autoDraw = False
499.1118 	EXP 	text: height = np.float64(0.05000000000000001)
499.1118 	EXP 	text: height = np.float64(0.05000000000000001)
499.1118 	EXP 	text: height = np.float64(0.05000000000000001)
499.1118 	EXP 	text: text = ' GBP 40 today  or  GBP 55 after 62 days '
499.1118 	EXP 	fixation: autoDraw = True
499.2628 	EXP 	Device response: <KeyPress from None: t=499.0933028740001, value=l, duration=0.15233941699989373>
500.0842 	INFO 	Keyboard events cleared
500.0841 	EXP 	text: autoDraw = True
500.1012 	EXP 	fixation: autoDraw = False
503.1455 	EXP 	Device response: <KeyPress from None: t=503.1443098330001, value=t, duration=None>
503.1457 	EXP 	New trial (rep=13, index=6): <Trial 97 (6 in rep 13) data={'reward_today': 11, 'future_reward': 30, 'delay': 7, 'thisN': 97, 'thisTrialN': 6, 'thisRepN': 13}>
503.1494 	DATA 	Keypress: t
503.1519 	EXP 	fixation: autoDraw = False
503.1519 	EXP 	text: autoDraw = False
503.1519 	EXP 	text: height = np.float64(0.05000000000000001)
503.1519 	EXP 	text: height = np.float64(0.05000000000000001)
503.1519 	EXP 	text: height = np.float64(0.05000000000000001)
503.1519 	EXP 	text: text = ' GBP 11 today  or  GBP 30 after 7 days '
503.1519 	EXP 	fixation: autoDraw = True
503.2533 	EXP 	Device response: <KeyPress from None: t=503.1443098330001, value=t, duration=0.1042867500000284>
504.1333 	INFO 	Keyboard events cleared
504.1331 	EXP 	text: autoDraw = True
504.1506 	EXP 	fixation: autoDraw = False
506.8698 	EXP 	Device response: <KeyPress from None: t=506.8620824160007, value=l, duration=None>
506.8700 	EXP 	New trial (rep=14, index=0): <Trial 98 (0 in rep 14) data={'reward_today': 11, 'future_reward': 30, 'delay': 7, 'thisN': 98, 'thisTrialN': 0, 'thisRepN': 14}>
506.8714 	DATA 	Keypress: l
506.8786 	EXP 	fixation: autoDraw = False
506.8786 	EXP 	text: autoDraw = False
506.8786 	EXP 	text: text = ' GBP 11 today  or  GBP 30 after 7 days '
506.8786 	EXP 	fixation: autoDraw = True
507.0126 	EXP 	Device response: <KeyPress from None: t=506.8620824160007, value=l, duration=0.14445129199884832>
507.8676 	INFO 	Keyboard events cleared
507.8675 	EXP 	fixation: autoDraw = False
507.8675 	EXP 	text: autoDraw = True
511.4636 	EXP 	Device response: <KeyPress from None: t=511.46209862400065, value=l, duration=None>
511.4638 	EXP 	New trial (rep=14, index=1): <Trial 99 (1 in rep 14) data={'reward_today': 40, 'future_reward': 55, 'delay': 62, 'thisN': 99, 'thisTrialN': 1, 'thisRepN': 14}>
511.4678 	DATA 	Keypress: l
511.4701 	EXP 	fixation: autoDraw = False
511.4701 	EXP 	text: autoDraw = False
511.4701 	EXP 	text: height = np.float64(0.05000000000000001)
511.4701 	EXP 	text: height = np.float64(0.05000000000000001)
511.4701 	EXP 	text: height = np.float64(0.05000000000000001)
511.4701 	EXP 	text: text = ' GBP 40 today  or  GBP 55 after 62 days '
511.4701 	EXP 	fixation: autoDraw = True
511.5623 	EXP 	Device response: <KeyPress from None: t=511.46209862400065, value=l, duration=0.09232058399902598>
512.4626 	INFO 	Keyboard events cleared
512.4624 	EXP 	text: autoDraw = True
512.4671 	EXP 	fixation: autoDraw = False
515.2021 	EXP 	Device response: <KeyPress from None: t=515.1989987079996, value=t, duration=None>
515.2023 	EXP 	New trial (rep=14, index=2): <Trial 100 (2 in rep 14) data={'reward_today': 15, 'future_reward': 35, 'delay': 13, 'thisN': 100, 'thisTrialN': 2, 'thisRepN': 14}>
515.2069 	DATA 	Keypress: t
515.2111 	EXP 	fixation: autoDraw = False
515.2111 	EXP 	text: autoDraw = False
515.2111 	EXP 	text: height = np.float64(0.05000000000000001)
515.2111 	EXP 	text: height = np.float64(0.05000000000000001)
515.2111 	EXP 	text: height = np.float64(0.05000000000000001)
515.2111 	EXP 	text: text = ' GBP 15 today  or  GBP 35 after 13 days '
515.2111 	EXP 	fixation: autoDraw = True
515.3123 	EXP 	Device response: <KeyPress from None: t=515.1989987079996, value=t, duration=0.10432883300018148>
516.1954 	INFO 	Keyboard events cleared
516.1953 	EXP 	text: autoDraw = True
516.2014 	EXP 	fixation: autoDraw = False
519.6285 	EXP 	Device response: <KeyPress from None: t=519.616816916001, value=l, duration=None>
519.6286 	EXP 	New trial (rep=14, index=3): <Trial 101 (3 in rep 14) data={'reward_today': 78, 'future_reward': 80, 'delay': 162, 'thisN': 101, 'thisTrialN': 3, 'thisRepN': 14}>
519.6319 	DATA 	Keypress: l
519.6346 	EXP 	fixation: autoDraw = False
519.6346 	EXP 	text: autoDraw = False
519.6346 	EXP 	text: height = np.float64(0.05000000000000001)
519.6346 	EXP 	text: height = np.float64(0.05000000000000001)
519.6346 	EXP 	text: height = np.float64(0.05000000000000001)
519.6346 	EXP 	text: text = ' GBP 78 today  or  GBP 80 after 162 days '
519.6346 	EXP 	fixation: autoDraw = True
519.7353 	EXP 	Device response: <KeyPress from None: t=519.616816916001, value=l, duration=0.11624383299931651>
520.6166 	INFO 	Keyboard events cleared
520.6164 	EXP 	text: autoDraw = True
520.6323 	EXP 	fixation: autoDraw = False
524.3693 	EXP 	Device response: <KeyPress from None: t=524.3647382910003, value=t, duration=None>
524.3694 	EXP 	New trial (rep=14, index=4): <Trial 102 (4 in rep 14) data={'reward_today': 67, 'future_reward': 75, 'delay': 119, 'thisN': 102, 'thisTrialN': 4, 'thisRepN': 14}>
524.3728 	DATA 	Keypress: t
524.3782 	EXP 	fixation: autoDraw = False
524.3782 	EXP 	text: autoDraw = False
524.3782 	EXP 	text: height = np.float64(0.05000000000000001)
524.3782 	EXP 	text: height = np.float64(0.05000000000000001)
524.3782 	EXP 	text: height = np.float64(0.05000000000000001)
524.3782 	EXP 	text: text = ' GBP 67 today  or  GBP 75 after 119 days '
524.3782 	EXP 	fixation: autoDraw = True
524.4958 	EXP 	Device response: <KeyPress from None: t=524.3647382910003, value=t, duration=0.1282565830006206>
525.3664 	INFO 	Keyboard events cleared
525.3662 	EXP 	fixation: autoDraw = False
525.3662 	EXP 	text: autoDraw = True
528.5623 	EXP 	Device response: <KeyPress from None: t=528.5546776660012, value=t, duration=None>
528.5626 	EXP 	New trial (rep=14, index=5): <Trial 103 (5 in rep 14) data={'reward_today': 27, 'future_reward': 50, 'delay': 21, 'thisN': 103, 'thisTrialN': 5, 'thisRepN': 14}>
528.5663 	DATA 	Keypress: t
528.5691 	EXP 	fixation: autoDraw = False
528.5691 	EXP 	text: autoDraw = False
528.5691 	EXP 	text: height = np.float64(0.05000000000000001)
528.5691 	EXP 	text: height = np.float64(0.05000000000000001)
528.5691 	EXP 	text: height = np.float64(0.05000000000000001)
528.5691 	EXP 	text: text = ' GBP 27 today  or  GBP 50 after 21 days '
528.5691 	EXP 	fixation: autoDraw = True
528.6958 	EXP 	Device response: <KeyPress from None: t=528.5546776660012, value=t, duration=0.11623512499863864>
529.5516 	INFO 	Keyboard events cleared
529.5515 	EXP 	text: autoDraw = True
529.5615 	EXP 	fixation: autoDraw = False
533.3510 	EXP 	Device response: <KeyPress from None: t=533.3494996660011, value=l, duration=None>
533.3511 	EXP 	New trial (rep=14, index=6): <Trial 104 (6 in rep 14) data={'reward_today': 49, 'future_reward': 60, 'delay': 89, 'thisN': 104, 'thisTrialN': 6, 'thisRepN': 14}>
533.3546 	DATA 	Keypress: l
533.3612 	EXP 	fixation: autoDraw = False
533.3612 	EXP 	text: autoDraw = False
533.3612 	EXP 	text: height = np.float64(0.05000000000000001)
533.3612 	EXP 	text: height = np.float64(0.05000000000000001)
533.3612 	EXP 	text: height = np.float64(0.05000000000000001)
533.3612 	EXP 	text: text = ' GBP 49 today  or  GBP 60 after 89 days '
533.3612 	EXP 	fixation: autoDraw = True
533.4511 	EXP 	Device response: <KeyPress from None: t=533.3494996660011, value=l, duration=0.10030941699915275>
534.3448 	INFO 	Keyboard events cleared
534.3447 	EXP 	text: autoDraw = True
534.3505 	EXP 	fixation: autoDraw = False
537.7456 	EXP 	Device response: <KeyPress from None: t=537.743412666001, value=t, duration=None>
537.7508 	EXP 	fixation: autoDraw = False
537.7508 	EXP 	text: autoDraw = False
537.7509 	EXP 	Delay Discounting Task: status = STOPPED
537.7699 	INFO 	saved data to '/Users/urvashibhansali/Documents/AU [Psych] (1-4 years) /3rd Year/Semester 5 Monsoon 25-26/PSY310/Psychopy/Youtube Psychopy Tutorials/Delay Discounting Task (6)/data/m_1_Delay Discounting Task_2025-10-24_21h26.57.810.csv'
537.7740 	INFO 	saved data to /Users/urvashibhansali/Documents/AU [Psych] (1-4 years) /3rd Year/Semester 5 Monsoon 25-26/PSY310/Psychopy/Youtube Psychopy Tutorials/Delay Discounting Task (6)/data/m_1_Delay Discounting Task_2025-10-24_21h26.57.810.psydat
537.7756 	DATA 	Keypress: t
538.1573 	WARNING 	Stopping key buffers but this could be dangerous ifother keyboards rely on the same.
